Archive member included to satisfy reference by file (symbol)

C:\Users\Lenovo\DOCUME~1\GitHub\BRAILL~2\ARDUIN~1\NEWPRO~1\NEWPRO~1\ARDUIN~2\Debug\libArduinoCore.a(HardwareSerial.o)
                              Sketch.o (_ZN14HardwareSerial5beginEmh)
C:\Users\Lenovo\DOCUME~1\GitHub\BRAILL~2\ARDUIN~1\NEWPRO~1\NEWPRO~1\ARDUIN~2\Debug\libArduinoCore.a(HardwareSerial0.o)
                              Sketch.o (Serial)
C:\Users\Lenovo\DOCUME~1\GitHub\BRAILL~2\ARDUIN~1\NEWPRO~1\NEWPRO~1\ARDUIN~2\Debug\libArduinoCore.a(main.o)
                              C:/Program Files (x86)/Atmel/Studio/7.0/Packs/atmel/ATmega_DFP/1.2.209/gcc/dev/atmega328p/avr5/crtatmega328p.o (main)
C:\Users\Lenovo\DOCUME~1\GitHub\BRAILL~2\ARDUIN~1\NEWPRO~1\NEWPRO~1\ARDUIN~2\Debug\libArduinoCore.a(Print.o)
                              C:\Users\Lenovo\DOCUME~1\GitHub\BRAILL~2\ARDUIN~1\NEWPRO~1\NEWPRO~1\ARDUIN~2\Debug\libArduinoCore.a(HardwareSerial.o) (_ZN5Print5writeEPKhj)
C:\Users\Lenovo\DOCUME~1\GitHub\BRAILL~2\ARDUIN~1\NEWPRO~1\NEWPRO~1\ARDUIN~2\Debug\libArduinoCore.a(wiring.o)
                              C:\Users\Lenovo\DOCUME~1\GitHub\BRAILL~2\ARDUIN~1\NEWPRO~1\NEWPRO~1\ARDUIN~2\Debug\libArduinoCore.a(main.o) (init)
C:\Users\Lenovo\DOCUME~1\GitHub\BRAILL~2\ARDUIN~1\NEWPRO~1\NEWPRO~1\ARDUIN~2\Debug\libArduinoCore.a(wiring_digital.o)
                              Sketch.o (pinMode)
C:\Users\Lenovo\DOCUME~1\GitHub\BRAILL~2\ARDUIN~1\NEWPRO~1\NEWPRO~1\ARDUIN~2\Debug\libArduinoCore.a(abi.o)
                              C:\Users\Lenovo\DOCUME~1\GitHub\BRAILL~2\ARDUIN~1\NEWPRO~1\NEWPRO~1\ARDUIN~2\Debug\libArduinoCore.a(Print.o) (__cxa_pure_virtual)
C:\Users\Lenovo\DOCUME~1\GitHub\BRAILL~2\ARDUIN~1\NEWPRO~1\NEWPRO~1\ARDUIN~2\Debug\libArduinoCore.a(hooks.o)
                              C:\Users\Lenovo\DOCUME~1\GitHub\BRAILL~2\ARDUIN~1\NEWPRO~1\NEWPRO~1\ARDUIN~2\Debug\libArduinoCore.a(wiring.o) (yield)
c:/program files (x86)/atmel/studio/7.0/toolchain/avr8/avr8-gnu-toolchain/bin/../lib/gcc/avr/5.4.0/../../../../avr/lib/avr5\libm.a(addsf3.o)
                              C:\Users\Lenovo\DOCUME~1\GitHub\BRAILL~2\ARDUIN~1\NEWPRO~1\NEWPRO~1\ARDUIN~2\Debug\libArduinoCore.a(Print.o) (__subsf3)
c:/program files (x86)/atmel/studio/7.0/toolchain/avr8/avr8-gnu-toolchain/bin/../lib/gcc/avr/5.4.0/../../../../avr/lib/avr5\libm.a(addsf3x.o)
                              c:/program files (x86)/atmel/studio/7.0/toolchain/avr8/avr8-gnu-toolchain/bin/../lib/gcc/avr/5.4.0/../../../../avr/lib/avr5\libm.a(addsf3.o) (__addsf3x)
c:/program files (x86)/atmel/studio/7.0/toolchain/avr8/avr8-gnu-toolchain/bin/../lib/gcc/avr/5.4.0/../../../../avr/lib/avr5\libm.a(cmpsf2.o)
                              C:\Users\Lenovo\DOCUME~1\GitHub\BRAILL~2\ARDUIN~1\NEWPRO~1\NEWPRO~1\ARDUIN~2\Debug\libArduinoCore.a(Print.o) (__ltsf2)
c:/program files (x86)/atmel/studio/7.0/toolchain/avr8/avr8-gnu-toolchain/bin/../lib/gcc/avr/5.4.0/../../../../avr/lib/avr5\libm.a(divsf3.o)
                              C:\Users\Lenovo\DOCUME~1\GitHub\BRAILL~2\ARDUIN~1\NEWPRO~1\NEWPRO~1\ARDUIN~2\Debug\libArduinoCore.a(Print.o) (__divsf3)
c:/program files (x86)/atmel/studio/7.0/toolchain/avr8/avr8-gnu-toolchain/bin/../lib/gcc/avr/5.4.0/../../../../avr/lib/avr5\libm.a(divsf3x.o)
                              c:/program files (x86)/atmel/studio/7.0/toolchain/avr8/avr8-gnu-toolchain/bin/../lib/gcc/avr/5.4.0/../../../../avr/lib/avr5\libm.a(divsf3.o) (__divsf3x)
c:/program files (x86)/atmel/studio/7.0/toolchain/avr8/avr8-gnu-toolchain/bin/../lib/gcc/avr/5.4.0/../../../../avr/lib/avr5\libm.a(fixunssfsi.o)
                              C:\Users\Lenovo\DOCUME~1\GitHub\BRAILL~2\ARDUIN~1\NEWPRO~1\NEWPRO~1\ARDUIN~2\Debug\libArduinoCore.a(Print.o) (__fixunssfsi)
c:/program files (x86)/atmel/studio/7.0/toolchain/avr8/avr8-gnu-toolchain/bin/../lib/gcc/avr/5.4.0/../../../../avr/lib/avr5\libm.a(floatsisf.o)
                              C:\Users\Lenovo\DOCUME~1\GitHub\BRAILL~2\ARDUIN~1\NEWPRO~1\NEWPRO~1\ARDUIN~2\Debug\libArduinoCore.a(Print.o) (__floatunsisf)
c:/program files (x86)/atmel/studio/7.0/toolchain/avr8/avr8-gnu-toolchain/bin/../lib/gcc/avr/5.4.0/../../../../avr/lib/avr5\libm.a(fp_cmp.o)
                              c:/program files (x86)/atmel/studio/7.0/toolchain/avr8/avr8-gnu-toolchain/bin/../lib/gcc/avr/5.4.0/../../../../avr/lib/avr5\libm.a(cmpsf2.o) (__fp_cmp)
c:/program files (x86)/atmel/studio/7.0/toolchain/avr8/avr8-gnu-toolchain/bin/../lib/gcc/avr/5.4.0/../../../../avr/lib/avr5\libm.a(fp_inf.o)
                              c:/program files (x86)/atmel/studio/7.0/toolchain/avr8/avr8-gnu-toolchain/bin/../lib/gcc/avr/5.4.0/../../../../avr/lib/avr5\libm.a(addsf3x.o) (__fp_inf)
c:/program files (x86)/atmel/studio/7.0/toolchain/avr8/avr8-gnu-toolchain/bin/../lib/gcc/avr/5.4.0/../../../../avr/lib/avr5\libm.a(fp_nan.o)
                              c:/program files (x86)/atmel/studio/7.0/toolchain/avr8/avr8-gnu-toolchain/bin/../lib/gcc/avr/5.4.0/../../../../avr/lib/avr5\libm.a(addsf3x.o) (__fp_nan)
c:/program files (x86)/atmel/studio/7.0/toolchain/avr8/avr8-gnu-toolchain/bin/../lib/gcc/avr/5.4.0/../../../../avr/lib/avr5\libm.a(fp_pscA.o)
                              c:/program files (x86)/atmel/studio/7.0/toolchain/avr8/avr8-gnu-toolchain/bin/../lib/gcc/avr/5.4.0/../../../../avr/lib/avr5\libm.a(addsf3x.o) (__fp_pscA)
c:/program files (x86)/atmel/studio/7.0/toolchain/avr8/avr8-gnu-toolchain/bin/../lib/gcc/avr/5.4.0/../../../../avr/lib/avr5\libm.a(fp_pscB.o)
                              c:/program files (x86)/atmel/studio/7.0/toolchain/avr8/avr8-gnu-toolchain/bin/../lib/gcc/avr/5.4.0/../../../../avr/lib/avr5\libm.a(addsf3x.o) (__fp_pscB)
c:/program files (x86)/atmel/studio/7.0/toolchain/avr8/avr8-gnu-toolchain/bin/../lib/gcc/avr/5.4.0/../../../../avr/lib/avr5\libm.a(fp_round.o)
                              c:/program files (x86)/atmel/studio/7.0/toolchain/avr8/avr8-gnu-toolchain/bin/../lib/gcc/avr/5.4.0/../../../../avr/lib/avr5\libm.a(addsf3.o) (__fp_round)
c:/program files (x86)/atmel/studio/7.0/toolchain/avr8/avr8-gnu-toolchain/bin/../lib/gcc/avr/5.4.0/../../../../avr/lib/avr5\libm.a(fp_split3.o)
                              c:/program files (x86)/atmel/studio/7.0/toolchain/avr8/avr8-gnu-toolchain/bin/../lib/gcc/avr/5.4.0/../../../../avr/lib/avr5\libm.a(addsf3x.o) (__fp_split3)
c:/program files (x86)/atmel/studio/7.0/toolchain/avr8/avr8-gnu-toolchain/bin/../lib/gcc/avr/5.4.0/../../../../avr/lib/avr5\libm.a(fp_zero.o)
                              c:/program files (x86)/atmel/studio/7.0/toolchain/avr8/avr8-gnu-toolchain/bin/../lib/gcc/avr/5.4.0/../../../../avr/lib/avr5\libm.a(addsf3x.o) (__fp_zero)
c:/program files (x86)/atmel/studio/7.0/toolchain/avr8/avr8-gnu-toolchain/bin/../lib/gcc/avr/5.4.0/../../../../avr/lib/avr5\libm.a(gesf2.o)
                              C:\Users\Lenovo\DOCUME~1\GitHub\BRAILL~2\ARDUIN~1\NEWPRO~1\NEWPRO~1\ARDUIN~2\Debug\libArduinoCore.a(Print.o) (__gtsf2)
c:/program files (x86)/atmel/studio/7.0/toolchain/avr8/avr8-gnu-toolchain/bin/../lib/gcc/avr/5.4.0/../../../../avr/lib/avr5\libm.a(mulsf3.o)
                              C:\Users\Lenovo\DOCUME~1\GitHub\BRAILL~2\ARDUIN~1\NEWPRO~1\NEWPRO~1\ARDUIN~2\Debug\libArduinoCore.a(Print.o) (__mulsf3)
c:/program files (x86)/atmel/studio/7.0/toolchain/avr8/avr8-gnu-toolchain/bin/../lib/gcc/avr/5.4.0/../../../../avr/lib/avr5\libm.a(mulsf3x.o)
                              c:/program files (x86)/atmel/studio/7.0/toolchain/avr8/avr8-gnu-toolchain/bin/../lib/gcc/avr/5.4.0/../../../../avr/lib/avr5\libm.a(mulsf3.o) (__mulsf3x)
c:/program files (x86)/atmel/studio/7.0/toolchain/avr8/avr8-gnu-toolchain/bin/../lib/gcc/avr/5.4.0/../../../../avr/lib/avr5\libm.a(unordsf2.o)
                              C:\Users\Lenovo\DOCUME~1\GitHub\BRAILL~2\ARDUIN~1\NEWPRO~1\NEWPRO~1\ARDUIN~2\Debug\libArduinoCore.a(Print.o) (__unordsf2)
c:/program files (x86)/atmel/studio/7.0/toolchain/avr8/avr8-gnu-toolchain/bin/../lib/gcc/avr/5.4.0/avr5\libgcc.a(_udivmodsi4.o)
                              C:\Users\Lenovo\DOCUME~1\GitHub\BRAILL~2\ARDUIN~1\NEWPRO~1\NEWPRO~1\ARDUIN~2\Debug\libArduinoCore.a(HardwareSerial.o) (__udivmodsi4)
c:/program files (x86)/atmel/studio/7.0/toolchain/avr8/avr8-gnu-toolchain/bin/../lib/gcc/avr/5.4.0/avr5\libgcc.a(_exit.o)
                              C:/Program Files (x86)/Atmel/Studio/7.0/Packs/atmel/ATmega_DFP/1.2.209/gcc/dev/atmega328p/avr5/crtatmega328p.o (exit)
c:/program files (x86)/atmel/studio/7.0/toolchain/avr8/avr8-gnu-toolchain/bin/../lib/gcc/avr/5.4.0/avr5\libgcc.a(_copy_data.o)
                              Sketch.o (__do_copy_data)
c:/program files (x86)/atmel/studio/7.0/toolchain/avr8/avr8-gnu-toolchain/bin/../lib/gcc/avr/5.4.0/avr5\libgcc.a(_clear_bss.o)
                              Sketch.o (__do_clear_bss)
c:/program files (x86)/atmel/studio/7.0/toolchain/avr8/avr8-gnu-toolchain/bin/../lib/gcc/avr/5.4.0/avr5\libgcc.a(_ctors.o)
                              C:\Users\Lenovo\DOCUME~1\GitHub\BRAILL~2\ARDUIN~1\NEWPRO~1\NEWPRO~1\ARDUIN~2\Debug\libArduinoCore.a(HardwareSerial0.o) (__do_global_ctors)
c:/program files (x86)/atmel/studio/7.0/toolchain/avr8/avr8-gnu-toolchain/bin/../lib/gcc/avr/5.4.0/avr5\libgcc.a(_tablejump2.o)
                              c:/program files (x86)/atmel/studio/7.0/toolchain/avr8/avr8-gnu-toolchain/bin/../lib/gcc/avr/5.4.0/avr5\libgcc.a(_ctors.o) (__tablejump2__)
c:/program files (x86)/atmel/studio/7.0/toolchain/avr8/avr8-gnu-toolchain/bin/../lib/gcc/avr/5.4.0/../../../../avr/lib/avr5\libc.a(abort.o)
                              C:\Users\Lenovo\DOCUME~1\GitHub\BRAILL~2\ARDUIN~1\NEWPRO~1\NEWPRO~1\ARDUIN~2\Debug\libArduinoCore.a(abi.o) (abort)

Discarded input sections

 .data          0x00000000        0x0 C:/Program Files (x86)/Atmel/Studio/7.0/Packs/atmel/ATmega_DFP/1.2.209/gcc/dev/atmega328p/avr5/crtatmega328p.o
 .bss           0x00000000        0x0 C:/Program Files (x86)/Atmel/Studio/7.0/Packs/atmel/ATmega_DFP/1.2.209/gcc/dev/atmega328p/avr5/crtatmega328p.o
 .text          0x00000000        0x0 Sketch.o
 .data          0x00000000        0x0 Sketch.o
 .bss           0x00000000        0x0 Sketch.o
 .group         0x00000000        0x8 C:\Users\Lenovo\DOCUME~1\GitHub\BRAILL~2\ARDUIN~1\NEWPRO~1\NEWPRO~1\ARDUIN~2\Debug\libArduinoCore.a(HardwareSerial.o)
 .text          0x00000000        0x0 C:\Users\Lenovo\DOCUME~1\GitHub\BRAILL~2\ARDUIN~1\NEWPRO~1\NEWPRO~1\ARDUIN~2\Debug\libArduinoCore.a(HardwareSerial.o)
 .data          0x00000000        0x0 C:\Users\Lenovo\DOCUME~1\GitHub\BRAILL~2\ARDUIN~1\NEWPRO~1\NEWPRO~1\ARDUIN~2\Debug\libArduinoCore.a(HardwareSerial.o)
 .bss           0x00000000        0x0 C:\Users\Lenovo\DOCUME~1\GitHub\BRAILL~2\ARDUIN~1\NEWPRO~1\NEWPRO~1\ARDUIN~2\Debug\libArduinoCore.a(HardwareSerial.o)
 .text._ZN14HardwareSerial3endEv
                0x00000000       0x44 C:\Users\Lenovo\DOCUME~1\GitHub\BRAILL~2\ARDUIN~1\NEWPRO~1\NEWPRO~1\ARDUIN~2\Debug\libArduinoCore.a(HardwareSerial.o)
 .group         0x00000000        0x8 C:\Users\Lenovo\DOCUME~1\GitHub\BRAILL~2\ARDUIN~1\NEWPRO~1\NEWPRO~1\ARDUIN~2\Debug\libArduinoCore.a(HardwareSerial0.o)
 .group         0x00000000        0x8 C:\Users\Lenovo\DOCUME~1\GitHub\BRAILL~2\ARDUIN~1\NEWPRO~1\NEWPRO~1\ARDUIN~2\Debug\libArduinoCore.a(HardwareSerial0.o)
 .text          0x00000000        0x0 C:\Users\Lenovo\DOCUME~1\GitHub\BRAILL~2\ARDUIN~1\NEWPRO~1\NEWPRO~1\ARDUIN~2\Debug\libArduinoCore.a(HardwareSerial0.o)
 .data          0x00000000        0x0 C:\Users\Lenovo\DOCUME~1\GitHub\BRAILL~2\ARDUIN~1\NEWPRO~1\NEWPRO~1\ARDUIN~2\Debug\libArduinoCore.a(HardwareSerial0.o)
 .bss           0x00000000        0x0 C:\Users\Lenovo\DOCUME~1\GitHub\BRAILL~2\ARDUIN~1\NEWPRO~1\NEWPRO~1\ARDUIN~2\Debug\libArduinoCore.a(HardwareSerial0.o)
 .text._ZN5Print17availableForWriteEv
                0x00000000        0x6 C:\Users\Lenovo\DOCUME~1\GitHub\BRAILL~2\ARDUIN~1\NEWPRO~1\NEWPRO~1\ARDUIN~2\Debug\libArduinoCore.a(HardwareSerial0.o)
 .text._ZN5Print5flushEv
                0x00000000        0x2 C:\Users\Lenovo\DOCUME~1\GitHub\BRAILL~2\ARDUIN~1\NEWPRO~1\NEWPRO~1\ARDUIN~2\Debug\libArduinoCore.a(HardwareSerial0.o)
 .text          0x00000000        0x0 C:\Users\Lenovo\DOCUME~1\GitHub\BRAILL~2\ARDUIN~1\NEWPRO~1\NEWPRO~1\ARDUIN~2\Debug\libArduinoCore.a(main.o)
 .data          0x00000000        0x0 C:\Users\Lenovo\DOCUME~1\GitHub\BRAILL~2\ARDUIN~1\NEWPRO~1\NEWPRO~1\ARDUIN~2\Debug\libArduinoCore.a(main.o)
 .bss           0x00000000        0x0 C:\Users\Lenovo\DOCUME~1\GitHub\BRAILL~2\ARDUIN~1\NEWPRO~1\NEWPRO~1\ARDUIN~2\Debug\libArduinoCore.a(main.o)
 .text.atexit   0x00000000        0x6 C:\Users\Lenovo\DOCUME~1\GitHub\BRAILL~2\ARDUIN~1\NEWPRO~1\NEWPRO~1\ARDUIN~2\Debug\libArduinoCore.a(main.o)
 .text._Z8setupUSBv
                0x00000000        0x2 C:\Users\Lenovo\DOCUME~1\GitHub\BRAILL~2\ARDUIN~1\NEWPRO~1\NEWPRO~1\ARDUIN~2\Debug\libArduinoCore.a(main.o)
 .group         0x00000000        0x8 C:\Users\Lenovo\DOCUME~1\GitHub\BRAILL~2\ARDUIN~1\NEWPRO~1\NEWPRO~1\ARDUIN~2\Debug\libArduinoCore.a(Print.o)
 .group         0x00000000        0x8 C:\Users\Lenovo\DOCUME~1\GitHub\BRAILL~2\ARDUIN~1\NEWPRO~1\NEWPRO~1\ARDUIN~2\Debug\libArduinoCore.a(Print.o)
 .group         0x00000000        0x8 C:\Users\Lenovo\DOCUME~1\GitHub\BRAILL~2\ARDUIN~1\NEWPRO~1\NEWPRO~1\ARDUIN~2\Debug\libArduinoCore.a(Print.o)
 .group         0x00000000        0x8 C:\Users\Lenovo\DOCUME~1\GitHub\BRAILL~2\ARDUIN~1\NEWPRO~1\NEWPRO~1\ARDUIN~2\Debug\libArduinoCore.a(Print.o)
 .text          0x00000000        0x0 C:\Users\Lenovo\DOCUME~1\GitHub\BRAILL~2\ARDUIN~1\NEWPRO~1\NEWPRO~1\ARDUIN~2\Debug\libArduinoCore.a(Print.o)
 .data          0x00000000        0x0 C:\Users\Lenovo\DOCUME~1\GitHub\BRAILL~2\ARDUIN~1\NEWPRO~1\NEWPRO~1\ARDUIN~2\Debug\libArduinoCore.a(Print.o)
 .bss           0x00000000        0x0 C:\Users\Lenovo\DOCUME~1\GitHub\BRAILL~2\ARDUIN~1\NEWPRO~1\NEWPRO~1\ARDUIN~2\Debug\libArduinoCore.a(Print.o)
 .text._ZN5Print17availableForWriteEv
                0x00000000        0x6 C:\Users\Lenovo\DOCUME~1\GitHub\BRAILL~2\ARDUIN~1\NEWPRO~1\NEWPRO~1\ARDUIN~2\Debug\libArduinoCore.a(Print.o)
 .text._ZN5Print5flushEv
                0x00000000        0x2 C:\Users\Lenovo\DOCUME~1\GitHub\BRAILL~2\ARDUIN~1\NEWPRO~1\NEWPRO~1\ARDUIN~2\Debug\libArduinoCore.a(Print.o)
 .text._ZN5Print5printEPK19__FlashStringHelper
                0x00000000       0x48 C:\Users\Lenovo\DOCUME~1\GitHub\BRAILL~2\ARDUIN~1\NEWPRO~1\NEWPRO~1\ARDUIN~2\Debug\libArduinoCore.a(Print.o)
 .text._ZN5Print5printERK6String
                0x00000000       0x1c C:\Users\Lenovo\DOCUME~1\GitHub\BRAILL~2\ARDUIN~1\NEWPRO~1\NEWPRO~1\ARDUIN~2\Debug\libArduinoCore.a(Print.o)
 .text._ZN5Print5printERK9Printable
                0x00000000       0x14 C:\Users\Lenovo\DOCUME~1\GitHub\BRAILL~2\ARDUIN~1\NEWPRO~1\NEWPRO~1\ARDUIN~2\Debug\libArduinoCore.a(Print.o)
 .rodata.str1.1
                0x00000000        0xf C:\Users\Lenovo\DOCUME~1\GitHub\BRAILL~2\ARDUIN~1\NEWPRO~1\NEWPRO~1\ARDUIN~2\Debug\libArduinoCore.a(Print.o)
 .text._ZN5Print7printlnEv
                0x00000000        0x8 C:\Users\Lenovo\DOCUME~1\GitHub\BRAILL~2\ARDUIN~1\NEWPRO~1\NEWPRO~1\ARDUIN~2\Debug\libArduinoCore.a(Print.o)
 .text._ZN5Print7printlnEPK19__FlashStringHelper
                0x00000000       0x24 C:\Users\Lenovo\DOCUME~1\GitHub\BRAILL~2\ARDUIN~1\NEWPRO~1\NEWPRO~1\ARDUIN~2\Debug\libArduinoCore.a(Print.o)
 .text._ZN5Print7printlnERK6String
                0x00000000       0x24 C:\Users\Lenovo\DOCUME~1\GitHub\BRAILL~2\ARDUIN~1\NEWPRO~1\NEWPRO~1\ARDUIN~2\Debug\libArduinoCore.a(Print.o)
 .text._ZN5Print7printlnEPKc
                0x00000000       0x24 C:\Users\Lenovo\DOCUME~1\GitHub\BRAILL~2\ARDUIN~1\NEWPRO~1\NEWPRO~1\ARDUIN~2\Debug\libArduinoCore.a(Print.o)
 .text._ZN5Print7printlnEc
                0x00000000       0x24 C:\Users\Lenovo\DOCUME~1\GitHub\BRAILL~2\ARDUIN~1\NEWPRO~1\NEWPRO~1\ARDUIN~2\Debug\libArduinoCore.a(Print.o)
 .text._ZN5Print7printlnERK9Printable
                0x00000000       0x24 C:\Users\Lenovo\DOCUME~1\GitHub\BRAILL~2\ARDUIN~1\NEWPRO~1\NEWPRO~1\ARDUIN~2\Debug\libArduinoCore.a(Print.o)
 .text._ZN5Print5printEmi
                0x00000000       0x1a C:\Users\Lenovo\DOCUME~1\GitHub\BRAILL~2\ARDUIN~1\NEWPRO~1\NEWPRO~1\ARDUIN~2\Debug\libArduinoCore.a(Print.o)
 .text._ZN5Print5printEhi
                0x00000000        0xe C:\Users\Lenovo\DOCUME~1\GitHub\BRAILL~2\ARDUIN~1\NEWPRO~1\NEWPRO~1\ARDUIN~2\Debug\libArduinoCore.a(Print.o)
 .text._ZN5Print7printlnEhi
                0x00000000       0x24 C:\Users\Lenovo\DOCUME~1\GitHub\BRAILL~2\ARDUIN~1\NEWPRO~1\NEWPRO~1\ARDUIN~2\Debug\libArduinoCore.a(Print.o)
 .text._ZN5Print5printEji
                0x00000000        0xc C:\Users\Lenovo\DOCUME~1\GitHub\BRAILL~2\ARDUIN~1\NEWPRO~1\NEWPRO~1\ARDUIN~2\Debug\libArduinoCore.a(Print.o)
 .text._ZN5Print7printlnEji
                0x00000000       0x24 C:\Users\Lenovo\DOCUME~1\GitHub\BRAILL~2\ARDUIN~1\NEWPRO~1\NEWPRO~1\ARDUIN~2\Debug\libArduinoCore.a(Print.o)
 .text._ZN5Print7printlnEmi
                0x00000000       0x24 C:\Users\Lenovo\DOCUME~1\GitHub\BRAILL~2\ARDUIN~1\NEWPRO~1\NEWPRO~1\ARDUIN~2\Debug\libArduinoCore.a(Print.o)
 .text._ZN5Print7printlnEii
                0x00000000       0x24 C:\Users\Lenovo\DOCUME~1\GitHub\BRAILL~2\ARDUIN~1\NEWPRO~1\NEWPRO~1\ARDUIN~2\Debug\libArduinoCore.a(Print.o)
 .text._ZN5Print7printlnEli
                0x00000000       0x24 C:\Users\Lenovo\DOCUME~1\GitHub\BRAILL~2\ARDUIN~1\NEWPRO~1\NEWPRO~1\ARDUIN~2\Debug\libArduinoCore.a(Print.o)
 .text._ZN5Print10printFloatEdh
                0x00000000      0x1b6 C:\Users\Lenovo\DOCUME~1\GitHub\BRAILL~2\ARDUIN~1\NEWPRO~1\NEWPRO~1\ARDUIN~2\Debug\libArduinoCore.a(Print.o)
 .text._ZN5Print5printEdi
                0x00000000        0x4 C:\Users\Lenovo\DOCUME~1\GitHub\BRAILL~2\ARDUIN~1\NEWPRO~1\NEWPRO~1\ARDUIN~2\Debug\libArduinoCore.a(Print.o)
 .text._ZN5Print7printlnEdi
                0x00000000       0x24 C:\Users\Lenovo\DOCUME~1\GitHub\BRAILL~2\ARDUIN~1\NEWPRO~1\NEWPRO~1\ARDUIN~2\Debug\libArduinoCore.a(Print.o)
 .rodata._ZTV5Print
                0x00000000        0xc C:\Users\Lenovo\DOCUME~1\GitHub\BRAILL~2\ARDUIN~1\NEWPRO~1\NEWPRO~1\ARDUIN~2\Debug\libArduinoCore.a(Print.o)
 .text          0x00000000        0x0 C:\Users\Lenovo\DOCUME~1\GitHub\BRAILL~2\ARDUIN~1\NEWPRO~1\NEWPRO~1\ARDUIN~2\Debug\libArduinoCore.a(wiring.o)
 .data          0x00000000        0x0 C:\Users\Lenovo\DOCUME~1\GitHub\BRAILL~2\ARDUIN~1\NEWPRO~1\NEWPRO~1\ARDUIN~2\Debug\libArduinoCore.a(wiring.o)
 .bss           0x00000000        0x0 C:\Users\Lenovo\DOCUME~1\GitHub\BRAILL~2\ARDUIN~1\NEWPRO~1\NEWPRO~1\ARDUIN~2\Debug\libArduinoCore.a(wiring.o)
 .text.millis   0x00000000       0x18 C:\Users\Lenovo\DOCUME~1\GitHub\BRAILL~2\ARDUIN~1\NEWPRO~1\NEWPRO~1\ARDUIN~2\Debug\libArduinoCore.a(wiring.o)
 .text.micros   0x00000000       0x4a C:\Users\Lenovo\DOCUME~1\GitHub\BRAILL~2\ARDUIN~1\NEWPRO~1\NEWPRO~1\ARDUIN~2\Debug\libArduinoCore.a(wiring.o)
 .text.delay    0x00000000       0x78 C:\Users\Lenovo\DOCUME~1\GitHub\BRAILL~2\ARDUIN~1\NEWPRO~1\NEWPRO~1\ARDUIN~2\Debug\libArduinoCore.a(wiring.o)
 .text.delayMicroseconds
                0x00000000       0x16 C:\Users\Lenovo\DOCUME~1\GitHub\BRAILL~2\ARDUIN~1\NEWPRO~1\NEWPRO~1\ARDUIN~2\Debug\libArduinoCore.a(wiring.o)
 .text          0x00000000        0x0 C:\Users\Lenovo\DOCUME~1\GitHub\BRAILL~2\ARDUIN~1\NEWPRO~1\NEWPRO~1\ARDUIN~2\Debug\libArduinoCore.a(wiring_digital.o)
 .data          0x00000000        0x0 C:\Users\Lenovo\DOCUME~1\GitHub\BRAILL~2\ARDUIN~1\NEWPRO~1\NEWPRO~1\ARDUIN~2\Debug\libArduinoCore.a(wiring_digital.o)
 .bss           0x00000000        0x0 C:\Users\Lenovo\DOCUME~1\GitHub\BRAILL~2\ARDUIN~1\NEWPRO~1\NEWPRO~1\ARDUIN~2\Debug\libArduinoCore.a(wiring_digital.o)
 .text          0x00000000        0x0 C:\Users\Lenovo\DOCUME~1\GitHub\BRAILL~2\ARDUIN~1\NEWPRO~1\NEWPRO~1\ARDUIN~2\Debug\libArduinoCore.a(abi.o)
 .data          0x00000000        0x0 C:\Users\Lenovo\DOCUME~1\GitHub\BRAILL~2\ARDUIN~1\NEWPRO~1\NEWPRO~1\ARDUIN~2\Debug\libArduinoCore.a(abi.o)
 .bss           0x00000000        0x0 C:\Users\Lenovo\DOCUME~1\GitHub\BRAILL~2\ARDUIN~1\NEWPRO~1\NEWPRO~1\ARDUIN~2\Debug\libArduinoCore.a(abi.o)
 .text.__cxa_pure_virtual
                0x00000000        0x4 C:\Users\Lenovo\DOCUME~1\GitHub\BRAILL~2\ARDUIN~1\NEWPRO~1\NEWPRO~1\ARDUIN~2\Debug\libArduinoCore.a(abi.o)
 .text.__cxa_deleted_virtual
                0x00000000        0x4 C:\Users\Lenovo\DOCUME~1\GitHub\BRAILL~2\ARDUIN~1\NEWPRO~1\NEWPRO~1\ARDUIN~2\Debug\libArduinoCore.a(abi.o)
 .debug_info    0x00000000       0x76 C:\Users\Lenovo\DOCUME~1\GitHub\BRAILL~2\ARDUIN~1\NEWPRO~1\NEWPRO~1\ARDUIN~2\Debug\libArduinoCore.a(abi.o)
 .debug_abbrev  0x00000000       0x6d C:\Users\Lenovo\DOCUME~1\GitHub\BRAILL~2\ARDUIN~1\NEWPRO~1\NEWPRO~1\ARDUIN~2\Debug\libArduinoCore.a(abi.o)
 .debug_aranges
                0x00000000       0x20 C:\Users\Lenovo\DOCUME~1\GitHub\BRAILL~2\ARDUIN~1\NEWPRO~1\NEWPRO~1\ARDUIN~2\Debug\libArduinoCore.a(abi.o)
 .debug_ranges  0x00000000       0x10 C:\Users\Lenovo\DOCUME~1\GitHub\BRAILL~2\ARDUIN~1\NEWPRO~1\NEWPRO~1\ARDUIN~2\Debug\libArduinoCore.a(abi.o)
 .debug_line    0x00000000       0xa9 C:\Users\Lenovo\DOCUME~1\GitHub\BRAILL~2\ARDUIN~1\NEWPRO~1\NEWPRO~1\ARDUIN~2\Debug\libArduinoCore.a(abi.o)
 .debug_str     0x00000000      0x1be C:\Users\Lenovo\DOCUME~1\GitHub\BRAILL~2\ARDUIN~1\NEWPRO~1\NEWPRO~1\ARDUIN~2\Debug\libArduinoCore.a(abi.o)
 .comment       0x00000000       0x31 C:\Users\Lenovo\DOCUME~1\GitHub\BRAILL~2\ARDUIN~1\NEWPRO~1\NEWPRO~1\ARDUIN~2\Debug\libArduinoCore.a(abi.o)
 .debug_frame   0x00000000       0x34 C:\Users\Lenovo\DOCUME~1\GitHub\BRAILL~2\ARDUIN~1\NEWPRO~1\NEWPRO~1\ARDUIN~2\Debug\libArduinoCore.a(abi.o)
 .text          0x00000000        0x0 C:\Users\Lenovo\DOCUME~1\GitHub\BRAILL~2\ARDUIN~1\NEWPRO~1\NEWPRO~1\ARDUIN~2\Debug\libArduinoCore.a(hooks.o)
 .data          0x00000000        0x0 C:\Users\Lenovo\DOCUME~1\GitHub\BRAILL~2\ARDUIN~1\NEWPRO~1\NEWPRO~1\ARDUIN~2\Debug\libArduinoCore.a(hooks.o)
 .bss           0x00000000        0x0 C:\Users\Lenovo\DOCUME~1\GitHub\BRAILL~2\ARDUIN~1\NEWPRO~1\NEWPRO~1\ARDUIN~2\Debug\libArduinoCore.a(hooks.o)
 .text.__empty  0x00000000        0x2 C:\Users\Lenovo\DOCUME~1\GitHub\BRAILL~2\ARDUIN~1\NEWPRO~1\NEWPRO~1\ARDUIN~2\Debug\libArduinoCore.a(hooks.o)
 .debug_info    0x00000000       0x3e C:\Users\Lenovo\DOCUME~1\GitHub\BRAILL~2\ARDUIN~1\NEWPRO~1\NEWPRO~1\ARDUIN~2\Debug\libArduinoCore.a(hooks.o)
 .debug_abbrev  0x00000000       0x2a C:\Users\Lenovo\DOCUME~1\GitHub\BRAILL~2\ARDUIN~1\NEWPRO~1\NEWPRO~1\ARDUIN~2\Debug\libArduinoCore.a(hooks.o)
 .debug_aranges
                0x00000000       0x20 C:\Users\Lenovo\DOCUME~1\GitHub\BRAILL~2\ARDUIN~1\NEWPRO~1\NEWPRO~1\ARDUIN~2\Debug\libArduinoCore.a(hooks.o)
 .debug_ranges  0x00000000       0x10 C:\Users\Lenovo\DOCUME~1\GitHub\BRAILL~2\ARDUIN~1\NEWPRO~1\NEWPRO~1\ARDUIN~2\Debug\libArduinoCore.a(hooks.o)
 .debug_line    0x00000000       0x41 C:\Users\Lenovo\DOCUME~1\GitHub\BRAILL~2\ARDUIN~1\NEWPRO~1\NEWPRO~1\ARDUIN~2\Debug\libArduinoCore.a(hooks.o)
 .debug_str     0x00000000      0x15f C:\Users\Lenovo\DOCUME~1\GitHub\BRAILL~2\ARDUIN~1\NEWPRO~1\NEWPRO~1\ARDUIN~2\Debug\libArduinoCore.a(hooks.o)
 .comment       0x00000000       0x31 C:\Users\Lenovo\DOCUME~1\GitHub\BRAILL~2\ARDUIN~1\NEWPRO~1\NEWPRO~1\ARDUIN~2\Debug\libArduinoCore.a(hooks.o)
 .debug_frame   0x00000000       0x24 C:\Users\Lenovo\DOCUME~1\GitHub\BRAILL~2\ARDUIN~1\NEWPRO~1\NEWPRO~1\ARDUIN~2\Debug\libArduinoCore.a(hooks.o)
 .text          0x00000000        0x0 c:/program files (x86)/atmel/studio/7.0/toolchain/avr8/avr8-gnu-toolchain/bin/../lib/gcc/avr/5.4.0/../../../../avr/lib/avr5\libm.a(addsf3.o)
 .data          0x00000000        0x0 c:/program files (x86)/atmel/studio/7.0/toolchain/avr8/avr8-gnu-toolchain/bin/../lib/gcc/avr/5.4.0/../../../../avr/lib/avr5\libm.a(addsf3.o)
 .bss           0x00000000        0x0 c:/program files (x86)/atmel/studio/7.0/toolchain/avr8/avr8-gnu-toolchain/bin/../lib/gcc/avr/5.4.0/../../../../avr/lib/avr5\libm.a(addsf3.o)
 .text.avr-libc.fplib
                0x00000000        0xe c:/program files (x86)/atmel/studio/7.0/toolchain/avr8/avr8-gnu-toolchain/bin/../lib/gcc/avr/5.4.0/../../../../avr/lib/avr5\libm.a(addsf3.o)
 .text          0x00000000        0x0 c:/program files (x86)/atmel/studio/7.0/toolchain/avr8/avr8-gnu-toolchain/bin/../lib/gcc/avr/5.4.0/../../../../avr/lib/avr5\libm.a(addsf3x.o)
 .data          0x00000000        0x0 c:/program files (x86)/atmel/studio/7.0/toolchain/avr8/avr8-gnu-toolchain/bin/../lib/gcc/avr/5.4.0/../../../../avr/lib/avr5\libm.a(addsf3x.o)
 .bss           0x00000000        0x0 c:/program files (x86)/atmel/studio/7.0/toolchain/avr8/avr8-gnu-toolchain/bin/../lib/gcc/avr/5.4.0/../../../../avr/lib/avr5\libm.a(addsf3x.o)
 .text.avr-libc.fplib
                0x00000000       0xcc c:/program files (x86)/atmel/studio/7.0/toolchain/avr8/avr8-gnu-toolchain/bin/../lib/gcc/avr/5.4.0/../../../../avr/lib/avr5\libm.a(addsf3x.o)
 .text          0x00000000        0x0 c:/program files (x86)/atmel/studio/7.0/toolchain/avr8/avr8-gnu-toolchain/bin/../lib/gcc/avr/5.4.0/../../../../avr/lib/avr5\libm.a(cmpsf2.o)
 .data          0x00000000        0x0 c:/program files (x86)/atmel/studio/7.0/toolchain/avr8/avr8-gnu-toolchain/bin/../lib/gcc/avr/5.4.0/../../../../avr/lib/avr5\libm.a(cmpsf2.o)
 .bss           0x00000000        0x0 c:/program files (x86)/atmel/studio/7.0/toolchain/avr8/avr8-gnu-toolchain/bin/../lib/gcc/avr/5.4.0/../../../../avr/lib/avr5\libm.a(cmpsf2.o)
 .text.avr-libc.fplib
                0x00000000        0xa c:/program files (x86)/atmel/studio/7.0/toolchain/avr8/avr8-gnu-toolchain/bin/../lib/gcc/avr/5.4.0/../../../../avr/lib/avr5\libm.a(cmpsf2.o)
 .text          0x00000000        0x0 c:/program files (x86)/atmel/studio/7.0/toolchain/avr8/avr8-gnu-toolchain/bin/../lib/gcc/avr/5.4.0/../../../../avr/lib/avr5\libm.a(divsf3.o)
 .data          0x00000000        0x0 c:/program files (x86)/atmel/studio/7.0/toolchain/avr8/avr8-gnu-toolchain/bin/../lib/gcc/avr/5.4.0/../../../../avr/lib/avr5\libm.a(divsf3.o)
 .bss           0x00000000        0x0 c:/program files (x86)/atmel/studio/7.0/toolchain/avr8/avr8-gnu-toolchain/bin/../lib/gcc/avr/5.4.0/../../../../avr/lib/avr5\libm.a(divsf3.o)
 .text.avr-libc.fplib
                0x00000000        0x8 c:/program files (x86)/atmel/studio/7.0/toolchain/avr8/avr8-gnu-toolchain/bin/../lib/gcc/avr/5.4.0/../../../../avr/lib/avr5\libm.a(divsf3.o)
 .text          0x00000000        0x0 c:/program files (x86)/atmel/studio/7.0/toolchain/avr8/avr8-gnu-toolchain/bin/../lib/gcc/avr/5.4.0/../../../../avr/lib/avr5\libm.a(divsf3x.o)
 .data          0x00000000        0x0 c:/program files (x86)/atmel/studio/7.0/toolchain/avr8/avr8-gnu-toolchain/bin/../lib/gcc/avr/5.4.0/../../../../avr/lib/avr5\libm.a(divsf3x.o)
 .bss           0x00000000        0x0 c:/program files (x86)/atmel/studio/7.0/toolchain/avr8/avr8-gnu-toolchain/bin/../lib/gcc/avr/5.4.0/../../../../avr/lib/avr5\libm.a(divsf3x.o)
 .text.avr-libc.fplib
                0x00000000       0xdc c:/program files (x86)/atmel/studio/7.0/toolchain/avr8/avr8-gnu-toolchain/bin/../lib/gcc/avr/5.4.0/../../../../avr/lib/avr5\libm.a(divsf3x.o)
 .text          0x00000000        0x0 c:/program files (x86)/atmel/studio/7.0/toolchain/avr8/avr8-gnu-toolchain/bin/../lib/gcc/avr/5.4.0/../../../../avr/lib/avr5\libm.a(fixunssfsi.o)
 .data          0x00000000        0x0 c:/program files (x86)/atmel/studio/7.0/toolchain/avr8/avr8-gnu-toolchain/bin/../lib/gcc/avr/5.4.0/../../../../avr/lib/avr5\libm.a(fixunssfsi.o)
 .bss           0x00000000        0x0 c:/program files (x86)/atmel/studio/7.0/toolchain/avr8/avr8-gnu-toolchain/bin/../lib/gcc/avr/5.4.0/../../../../avr/lib/avr5\libm.a(fixunssfsi.o)
 .text.avr-libc.fplib
                0x00000000       0x5e c:/program files (x86)/atmel/studio/7.0/toolchain/avr8/avr8-gnu-toolchain/bin/../lib/gcc/avr/5.4.0/../../../../avr/lib/avr5\libm.a(fixunssfsi.o)
 .text          0x00000000        0x0 c:/program files (x86)/atmel/studio/7.0/toolchain/avr8/avr8-gnu-toolchain/bin/../lib/gcc/avr/5.4.0/../../../../avr/lib/avr5\libm.a(floatsisf.o)
 .data          0x00000000        0x0 c:/program files (x86)/atmel/studio/7.0/toolchain/avr8/avr8-gnu-toolchain/bin/../lib/gcc/avr/5.4.0/../../../../avr/lib/avr5\libm.a(floatsisf.o)
 .bss           0x00000000        0x0 c:/program files (x86)/atmel/studio/7.0/toolchain/avr8/avr8-gnu-toolchain/bin/../lib/gcc/avr/5.4.0/../../../../avr/lib/avr5\libm.a(floatsisf.o)
 .text.avr-libc.fplib
                0x00000000       0x7a c:/program files (x86)/atmel/studio/7.0/toolchain/avr8/avr8-gnu-toolchain/bin/../lib/gcc/avr/5.4.0/../../../../avr/lib/avr5\libm.a(floatsisf.o)
 .text          0x00000000        0x0 c:/program files (x86)/atmel/studio/7.0/toolchain/avr8/avr8-gnu-toolchain/bin/../lib/gcc/avr/5.4.0/../../../../avr/lib/avr5\libm.a(fp_cmp.o)
 .data          0x00000000        0x0 c:/program files (x86)/atmel/studio/7.0/toolchain/avr8/avr8-gnu-toolchain/bin/../lib/gcc/avr/5.4.0/../../../../avr/lib/avr5\libm.a(fp_cmp.o)
 .bss           0x00000000        0x0 c:/program files (x86)/atmel/studio/7.0/toolchain/avr8/avr8-gnu-toolchain/bin/../lib/gcc/avr/5.4.0/../../../../avr/lib/avr5\libm.a(fp_cmp.o)
 .text.avr-libc.fplib
                0x00000000       0x48 c:/program files (x86)/atmel/studio/7.0/toolchain/avr8/avr8-gnu-toolchain/bin/../lib/gcc/avr/5.4.0/../../../../avr/lib/avr5\libm.a(fp_cmp.o)
 .text          0x00000000        0x0 c:/program files (x86)/atmel/studio/7.0/toolchain/avr8/avr8-gnu-toolchain/bin/../lib/gcc/avr/5.4.0/../../../../avr/lib/avr5\libm.a(fp_inf.o)
 .data          0x00000000        0x0 c:/program files (x86)/atmel/studio/7.0/toolchain/avr8/avr8-gnu-toolchain/bin/../lib/gcc/avr/5.4.0/../../../../avr/lib/avr5\libm.a(fp_inf.o)
 .bss           0x00000000        0x0 c:/program files (x86)/atmel/studio/7.0/toolchain/avr8/avr8-gnu-toolchain/bin/../lib/gcc/avr/5.4.0/../../../../avr/lib/avr5\libm.a(fp_inf.o)
 .text.avr-libc.fplib
                0x00000000        0xc c:/program files (x86)/atmel/studio/7.0/toolchain/avr8/avr8-gnu-toolchain/bin/../lib/gcc/avr/5.4.0/../../../../avr/lib/avr5\libm.a(fp_inf.o)
 .text          0x00000000        0x0 c:/program files (x86)/atmel/studio/7.0/toolchain/avr8/avr8-gnu-toolchain/bin/../lib/gcc/avr/5.4.0/../../../../avr/lib/avr5\libm.a(fp_nan.o)
 .data          0x00000000        0x0 c:/program files (x86)/atmel/studio/7.0/toolchain/avr8/avr8-gnu-toolchain/bin/../lib/gcc/avr/5.4.0/../../../../avr/lib/avr5\libm.a(fp_nan.o)
 .bss           0x00000000        0x0 c:/program files (x86)/atmel/studio/7.0/toolchain/avr8/avr8-gnu-toolchain/bin/../lib/gcc/avr/5.4.0/../../../../avr/lib/avr5\libm.a(fp_nan.o)
 .text.avr-libc.fplib
                0x00000000        0x6 c:/program files (x86)/atmel/studio/7.0/toolchain/avr8/avr8-gnu-toolchain/bin/../lib/gcc/avr/5.4.0/../../../../avr/lib/avr5\libm.a(fp_nan.o)
 .text          0x00000000        0x0 c:/program files (x86)/atmel/studio/7.0/toolchain/avr8/avr8-gnu-toolchain/bin/../lib/gcc/avr/5.4.0/../../../../avr/lib/avr5\libm.a(fp_pscA.o)
 .data          0x00000000        0x0 c:/program files (x86)/atmel/studio/7.0/toolchain/avr8/avr8-gnu-toolchain/bin/../lib/gcc/avr/5.4.0/../../../../avr/lib/avr5\libm.a(fp_pscA.o)
 .bss           0x00000000        0x0 c:/program files (x86)/atmel/studio/7.0/toolchain/avr8/avr8-gnu-toolchain/bin/../lib/gcc/avr/5.4.0/../../../../avr/lib/avr5\libm.a(fp_pscA.o)
 .text.avr-libc.fplib
                0x00000000        0xe c:/program files (x86)/atmel/studio/7.0/toolchain/avr8/avr8-gnu-toolchain/bin/../lib/gcc/avr/5.4.0/../../../../avr/lib/avr5\libm.a(fp_pscA.o)
 .text          0x00000000        0x0 c:/program files (x86)/atmel/studio/7.0/toolchain/avr8/avr8-gnu-toolchain/bin/../lib/gcc/avr/5.4.0/../../../../avr/lib/avr5\libm.a(fp_pscB.o)
 .data          0x00000000        0x0 c:/program files (x86)/atmel/studio/7.0/toolchain/avr8/avr8-gnu-toolchain/bin/../lib/gcc/avr/5.4.0/../../../../avr/lib/avr5\libm.a(fp_pscB.o)
 .bss           0x00000000        0x0 c:/program files (x86)/atmel/studio/7.0/toolchain/avr8/avr8-gnu-toolchain/bin/../lib/gcc/avr/5.4.0/../../../../avr/lib/avr5\libm.a(fp_pscB.o)
 .text.avr-libc.fplib
                0x00000000        0xe c:/program files (x86)/atmel/studio/7.0/toolchain/avr8/avr8-gnu-toolchain/bin/../lib/gcc/avr/5.4.0/../../../../avr/lib/avr5\libm.a(fp_pscB.o)
 .text          0x00000000        0x0 c:/program files (x86)/atmel/studio/7.0/toolchain/avr8/avr8-gnu-toolchain/bin/../lib/gcc/avr/5.4.0/../../../../avr/lib/avr5\libm.a(fp_round.o)
 .data          0x00000000        0x0 c:/program files (x86)/atmel/studio/7.0/toolchain/avr8/avr8-gnu-toolchain/bin/../lib/gcc/avr/5.4.0/../../../../avr/lib/avr5\libm.a(fp_round.o)
 .bss           0x00000000        0x0 c:/program files (x86)/atmel/studio/7.0/toolchain/avr8/avr8-gnu-toolchain/bin/../lib/gcc/avr/5.4.0/../../../../avr/lib/avr5\libm.a(fp_round.o)
 .text.avr-libc.fplib
                0x00000000       0x22 c:/program files (x86)/atmel/studio/7.0/toolchain/avr8/avr8-gnu-toolchain/bin/../lib/gcc/avr/5.4.0/../../../../avr/lib/avr5\libm.a(fp_round.o)
 .text          0x00000000        0x0 c:/program files (x86)/atmel/studio/7.0/toolchain/avr8/avr8-gnu-toolchain/bin/../lib/gcc/avr/5.4.0/../../../../avr/lib/avr5\libm.a(fp_split3.o)
 .data          0x00000000        0x0 c:/program files (x86)/atmel/studio/7.0/toolchain/avr8/avr8-gnu-toolchain/bin/../lib/gcc/avr/5.4.0/../../../../avr/lib/avr5\libm.a(fp_split3.o)
 .bss           0x00000000        0x0 c:/program files (x86)/atmel/studio/7.0/toolchain/avr8/avr8-gnu-toolchain/bin/../lib/gcc/avr/5.4.0/../../../../avr/lib/avr5\libm.a(fp_split3.o)
 .text.avr-libc.fplib
                0x00000000       0x44 c:/program files (x86)/atmel/studio/7.0/toolchain/avr8/avr8-gnu-toolchain/bin/../lib/gcc/avr/5.4.0/../../../../avr/lib/avr5\libm.a(fp_split3.o)
 .text          0x00000000        0x0 c:/program files (x86)/atmel/studio/7.0/toolchain/avr8/avr8-gnu-toolchain/bin/../lib/gcc/avr/5.4.0/../../../../avr/lib/avr5\libm.a(fp_zero.o)
 .data          0x00000000        0x0 c:/program files (x86)/atmel/studio/7.0/toolchain/avr8/avr8-gnu-toolchain/bin/../lib/gcc/avr/5.4.0/../../../../avr/lib/avr5\libm.a(fp_zero.o)
 .bss           0x00000000        0x0 c:/program files (x86)/atmel/studio/7.0/toolchain/avr8/avr8-gnu-toolchain/bin/../lib/gcc/avr/5.4.0/../../../../avr/lib/avr5\libm.a(fp_zero.o)
 .text.avr-libc.fplib
                0x00000000        0xe c:/program files (x86)/atmel/studio/7.0/toolchain/avr8/avr8-gnu-toolchain/bin/../lib/gcc/avr/5.4.0/../../../../avr/lib/avr5\libm.a(fp_zero.o)
 .text          0x00000000        0x0 c:/program files (x86)/atmel/studio/7.0/toolchain/avr8/avr8-gnu-toolchain/bin/../lib/gcc/avr/5.4.0/../../../../avr/lib/avr5\libm.a(gesf2.o)
 .data          0x00000000        0x0 c:/program files (x86)/atmel/studio/7.0/toolchain/avr8/avr8-gnu-toolchain/bin/../lib/gcc/avr/5.4.0/../../../../avr/lib/avr5\libm.a(gesf2.o)
 .bss           0x00000000        0x0 c:/program files (x86)/atmel/studio/7.0/toolchain/avr8/avr8-gnu-toolchain/bin/../lib/gcc/avr/5.4.0/../../../../avr/lib/avr5\libm.a(gesf2.o)
 .text.avr-libc.fplib
                0x00000000        0xa c:/program files (x86)/atmel/studio/7.0/toolchain/avr8/avr8-gnu-toolchain/bin/../lib/gcc/avr/5.4.0/../../../../avr/lib/avr5\libm.a(gesf2.o)
 .text          0x00000000        0x0 c:/program files (x86)/atmel/studio/7.0/toolchain/avr8/avr8-gnu-toolchain/bin/../lib/gcc/avr/5.4.0/../../../../avr/lib/avr5\libm.a(mulsf3.o)
 .data          0x00000000        0x0 c:/program files (x86)/atmel/studio/7.0/toolchain/avr8/avr8-gnu-toolchain/bin/../lib/gcc/avr/5.4.0/../../../../avr/lib/avr5\libm.a(mulsf3.o)
 .bss           0x00000000        0x0 c:/program files (x86)/atmel/studio/7.0/toolchain/avr8/avr8-gnu-toolchain/bin/../lib/gcc/avr/5.4.0/../../../../avr/lib/avr5\libm.a(mulsf3.o)
 .text.avr-libc.fplib
                0x00000000        0x8 c:/program files (x86)/atmel/studio/7.0/toolchain/avr8/avr8-gnu-toolchain/bin/../lib/gcc/avr/5.4.0/../../../../avr/lib/avr5\libm.a(mulsf3.o)
 .text          0x00000000        0x0 c:/program files (x86)/atmel/studio/7.0/toolchain/avr8/avr8-gnu-toolchain/bin/../lib/gcc/avr/5.4.0/../../../../avr/lib/avr5\libm.a(mulsf3x.o)
 .data          0x00000000        0x0 c:/program files (x86)/atmel/studio/7.0/toolchain/avr8/avr8-gnu-toolchain/bin/../lib/gcc/avr/5.4.0/../../../../avr/lib/avr5\libm.a(mulsf3x.o)
 .bss           0x00000000        0x0 c:/program files (x86)/atmel/studio/7.0/toolchain/avr8/avr8-gnu-toolchain/bin/../lib/gcc/avr/5.4.0/../../../../avr/lib/avr5\libm.a(mulsf3x.o)
 .text.avr-libc.fplib
                0x00000000       0xd2 c:/program files (x86)/atmel/studio/7.0/toolchain/avr8/avr8-gnu-toolchain/bin/../lib/gcc/avr/5.4.0/../../../../avr/lib/avr5\libm.a(mulsf3x.o)
 .text          0x00000000        0x0 c:/program files (x86)/atmel/studio/7.0/toolchain/avr8/avr8-gnu-toolchain/bin/../lib/gcc/avr/5.4.0/../../../../avr/lib/avr5\libm.a(unordsf2.o)
 .data          0x00000000        0x0 c:/program files (x86)/atmel/studio/7.0/toolchain/avr8/avr8-gnu-toolchain/bin/../lib/gcc/avr/5.4.0/../../../../avr/lib/avr5\libm.a(unordsf2.o)
 .bss           0x00000000        0x0 c:/program files (x86)/atmel/studio/7.0/toolchain/avr8/avr8-gnu-toolchain/bin/../lib/gcc/avr/5.4.0/../../../../avr/lib/avr5\libm.a(unordsf2.o)
 .text.avr-libc.fplib
                0x00000000        0xa c:/program files (x86)/atmel/studio/7.0/toolchain/avr8/avr8-gnu-toolchain/bin/../lib/gcc/avr/5.4.0/../../../../avr/lib/avr5\libm.a(unordsf2.o)
 .text          0x00000000        0x0 c:/program files (x86)/atmel/studio/7.0/toolchain/avr8/avr8-gnu-toolchain/bin/../lib/gcc/avr/5.4.0/avr5\libgcc.a(_udivmodsi4.o)
 .data          0x00000000        0x0 c:/program files (x86)/atmel/studio/7.0/toolchain/avr8/avr8-gnu-toolchain/bin/../lib/gcc/avr/5.4.0/avr5\libgcc.a(_udivmodsi4.o)
 .bss           0x00000000        0x0 c:/program files (x86)/atmel/studio/7.0/toolchain/avr8/avr8-gnu-toolchain/bin/../lib/gcc/avr/5.4.0/avr5\libgcc.a(_udivmodsi4.o)
 .text.libgcc.mul
                0x00000000        0x0 c:/program files (x86)/atmel/studio/7.0/toolchain/avr8/avr8-gnu-toolchain/bin/../lib/gcc/avr/5.4.0/avr5\libgcc.a(_udivmodsi4.o)
 .text.libgcc   0x00000000        0x0 c:/program files (x86)/atmel/studio/7.0/toolchain/avr8/avr8-gnu-toolchain/bin/../lib/gcc/avr/5.4.0/avr5\libgcc.a(_udivmodsi4.o)
 .text.libgcc.prologue
                0x00000000        0x0 c:/program files (x86)/atmel/studio/7.0/toolchain/avr8/avr8-gnu-toolchain/bin/../lib/gcc/avr/5.4.0/avr5\libgcc.a(_udivmodsi4.o)
 .text.libgcc.builtins
                0x00000000        0x0 c:/program files (x86)/atmel/studio/7.0/toolchain/avr8/avr8-gnu-toolchain/bin/../lib/gcc/avr/5.4.0/avr5\libgcc.a(_udivmodsi4.o)
 .text.libgcc.fmul
                0x00000000        0x0 c:/program files (x86)/atmel/studio/7.0/toolchain/avr8/avr8-gnu-toolchain/bin/../lib/gcc/avr/5.4.0/avr5\libgcc.a(_udivmodsi4.o)
 .text.libgcc.fixed
                0x00000000        0x0 c:/program files (x86)/atmel/studio/7.0/toolchain/avr8/avr8-gnu-toolchain/bin/../lib/gcc/avr/5.4.0/avr5\libgcc.a(_udivmodsi4.o)
 .text          0x00000000        0x0 c:/program files (x86)/atmel/studio/7.0/toolchain/avr8/avr8-gnu-toolchain/bin/../lib/gcc/avr/5.4.0/avr5\libgcc.a(_exit.o)
 .data          0x00000000        0x0 c:/program files (x86)/atmel/studio/7.0/toolchain/avr8/avr8-gnu-toolchain/bin/../lib/gcc/avr/5.4.0/avr5\libgcc.a(_exit.o)
 .bss           0x00000000        0x0 c:/program files (x86)/atmel/studio/7.0/toolchain/avr8/avr8-gnu-toolchain/bin/../lib/gcc/avr/5.4.0/avr5\libgcc.a(_exit.o)
 .text.libgcc.mul
                0x00000000        0x0 c:/program files (x86)/atmel/studio/7.0/toolchain/avr8/avr8-gnu-toolchain/bin/../lib/gcc/avr/5.4.0/avr5\libgcc.a(_exit.o)
 .text.libgcc.div
                0x00000000        0x0 c:/program files (x86)/atmel/studio/7.0/toolchain/avr8/avr8-gnu-toolchain/bin/../lib/gcc/avr/5.4.0/avr5\libgcc.a(_exit.o)
 .text.libgcc   0x00000000        0x0 c:/program files (x86)/atmel/studio/7.0/toolchain/avr8/avr8-gnu-toolchain/bin/../lib/gcc/avr/5.4.0/avr5\libgcc.a(_exit.o)
 .text.libgcc.prologue
                0x00000000        0x0 c:/program files (x86)/atmel/studio/7.0/toolchain/avr8/avr8-gnu-toolchain/bin/../lib/gcc/avr/5.4.0/avr5\libgcc.a(_exit.o)
 .text.libgcc.builtins
                0x00000000        0x0 c:/program files (x86)/atmel/studio/7.0/toolchain/avr8/avr8-gnu-toolchain/bin/../lib/gcc/avr/5.4.0/avr5\libgcc.a(_exit.o)
 .text.libgcc.fmul
                0x00000000        0x0 c:/program files (x86)/atmel/studio/7.0/toolchain/avr8/avr8-gnu-toolchain/bin/../lib/gcc/avr/5.4.0/avr5\libgcc.a(_exit.o)
 .text.libgcc.fixed
                0x00000000        0x0 c:/program files (x86)/atmel/studio/7.0/toolchain/avr8/avr8-gnu-toolchain/bin/../lib/gcc/avr/5.4.0/avr5\libgcc.a(_exit.o)
 .text          0x00000000        0x0 c:/program files (x86)/atmel/studio/7.0/toolchain/avr8/avr8-gnu-toolchain/bin/../lib/gcc/avr/5.4.0/avr5\libgcc.a(_copy_data.o)
 .data          0x00000000        0x0 c:/program files (x86)/atmel/studio/7.0/toolchain/avr8/avr8-gnu-toolchain/bin/../lib/gcc/avr/5.4.0/avr5\libgcc.a(_copy_data.o)
 .bss           0x00000000        0x0 c:/program files (x86)/atmel/studio/7.0/toolchain/avr8/avr8-gnu-toolchain/bin/../lib/gcc/avr/5.4.0/avr5\libgcc.a(_copy_data.o)
 .text.libgcc.mul
                0x00000000        0x0 c:/program files (x86)/atmel/studio/7.0/toolchain/avr8/avr8-gnu-toolchain/bin/../lib/gcc/avr/5.4.0/avr5\libgcc.a(_copy_data.o)
 .text.libgcc.div
                0x00000000        0x0 c:/program files (x86)/atmel/studio/7.0/toolchain/avr8/avr8-gnu-toolchain/bin/../lib/gcc/avr/5.4.0/avr5\libgcc.a(_copy_data.o)
 .text.libgcc   0x00000000        0x0 c:/program files (x86)/atmel/studio/7.0/toolchain/avr8/avr8-gnu-toolchain/bin/../lib/gcc/avr/5.4.0/avr5\libgcc.a(_copy_data.o)
 .text.libgcc.prologue
                0x00000000        0x0 c:/program files (x86)/atmel/studio/7.0/toolchain/avr8/avr8-gnu-toolchain/bin/../lib/gcc/avr/5.4.0/avr5\libgcc.a(_copy_data.o)
 .text.libgcc.builtins
                0x00000000        0x0 c:/program files (x86)/atmel/studio/7.0/toolchain/avr8/avr8-gnu-toolchain/bin/../lib/gcc/avr/5.4.0/avr5\libgcc.a(_copy_data.o)
 .text.libgcc.fmul
                0x00000000        0x0 c:/program files (x86)/atmel/studio/7.0/toolchain/avr8/avr8-gnu-toolchain/bin/../lib/gcc/avr/5.4.0/avr5\libgcc.a(_copy_data.o)
 .text.libgcc.fixed
                0x00000000        0x0 c:/program files (x86)/atmel/studio/7.0/toolchain/avr8/avr8-gnu-toolchain/bin/../lib/gcc/avr/5.4.0/avr5\libgcc.a(_copy_data.o)
 .text          0x00000000        0x0 c:/program files (x86)/atmel/studio/7.0/toolchain/avr8/avr8-gnu-toolchain/bin/../lib/gcc/avr/5.4.0/avr5\libgcc.a(_clear_bss.o)
 .data          0x00000000        0x0 c:/program files (x86)/atmel/studio/7.0/toolchain/avr8/avr8-gnu-toolchain/bin/../lib/gcc/avr/5.4.0/avr5\libgcc.a(_clear_bss.o)
 .bss           0x00000000        0x0 c:/program files (x86)/atmel/studio/7.0/toolchain/avr8/avr8-gnu-toolchain/bin/../lib/gcc/avr/5.4.0/avr5\libgcc.a(_clear_bss.o)
 .text.libgcc.mul
                0x00000000        0x0 c:/program files (x86)/atmel/studio/7.0/toolchain/avr8/avr8-gnu-toolchain/bin/../lib/gcc/avr/5.4.0/avr5\libgcc.a(_clear_bss.o)
 .text.libgcc.div
                0x00000000        0x0 c:/program files (x86)/atmel/studio/7.0/toolchain/avr8/avr8-gnu-toolchain/bin/../lib/gcc/avr/5.4.0/avr5\libgcc.a(_clear_bss.o)
 .text.libgcc   0x00000000        0x0 c:/program files (x86)/atmel/studio/7.0/toolchain/avr8/avr8-gnu-toolchain/bin/../lib/gcc/avr/5.4.0/avr5\libgcc.a(_clear_bss.o)
 .text.libgcc.prologue
                0x00000000        0x0 c:/program files (x86)/atmel/studio/7.0/toolchain/avr8/avr8-gnu-toolchain/bin/../lib/gcc/avr/5.4.0/avr5\libgcc.a(_clear_bss.o)
 .text.libgcc.builtins
                0x00000000        0x0 c:/program files (x86)/atmel/studio/7.0/toolchain/avr8/avr8-gnu-toolchain/bin/../lib/gcc/avr/5.4.0/avr5\libgcc.a(_clear_bss.o)
 .text.libgcc.fmul
                0x00000000        0x0 c:/program files (x86)/atmel/studio/7.0/toolchain/avr8/avr8-gnu-toolchain/bin/../lib/gcc/avr/5.4.0/avr5\libgcc.a(_clear_bss.o)
 .text.libgcc.fixed
                0x00000000        0x0 c:/program files (x86)/atmel/studio/7.0/toolchain/avr8/avr8-gnu-toolchain/bin/../lib/gcc/avr/5.4.0/avr5\libgcc.a(_clear_bss.o)
 .text          0x00000000        0x0 c:/program files (x86)/atmel/studio/7.0/toolchain/avr8/avr8-gnu-toolchain/bin/../lib/gcc/avr/5.4.0/avr5\libgcc.a(_ctors.o)
 .data          0x00000000        0x0 c:/program files (x86)/atmel/studio/7.0/toolchain/avr8/avr8-gnu-toolchain/bin/../lib/gcc/avr/5.4.0/avr5\libgcc.a(_ctors.o)
 .bss           0x00000000        0x0 c:/program files (x86)/atmel/studio/7.0/toolchain/avr8/avr8-gnu-toolchain/bin/../lib/gcc/avr/5.4.0/avr5\libgcc.a(_ctors.o)
 .text.libgcc.mul
                0x00000000        0x0 c:/program files (x86)/atmel/studio/7.0/toolchain/avr8/avr8-gnu-toolchain/bin/../lib/gcc/avr/5.4.0/avr5\libgcc.a(_ctors.o)
 .text.libgcc.div
                0x00000000        0x0 c:/program files (x86)/atmel/studio/7.0/toolchain/avr8/avr8-gnu-toolchain/bin/../lib/gcc/avr/5.4.0/avr5\libgcc.a(_ctors.o)
 .text.libgcc   0x00000000        0x0 c:/program files (x86)/atmel/studio/7.0/toolchain/avr8/avr8-gnu-toolchain/bin/../lib/gcc/avr/5.4.0/avr5\libgcc.a(_ctors.o)
 .text.libgcc.prologue
                0x00000000        0x0 c:/program files (x86)/atmel/studio/7.0/toolchain/avr8/avr8-gnu-toolchain/bin/../lib/gcc/avr/5.4.0/avr5\libgcc.a(_ctors.o)
 .text.libgcc.builtins
                0x00000000        0x0 c:/program files (x86)/atmel/studio/7.0/toolchain/avr8/avr8-gnu-toolchain/bin/../lib/gcc/avr/5.4.0/avr5\libgcc.a(_ctors.o)
 .text.libgcc.fmul
                0x00000000        0x0 c:/program files (x86)/atmel/studio/7.0/toolchain/avr8/avr8-gnu-toolchain/bin/../lib/gcc/avr/5.4.0/avr5\libgcc.a(_ctors.o)
 .text.libgcc.fixed
                0x00000000        0x0 c:/program files (x86)/atmel/studio/7.0/toolchain/avr8/avr8-gnu-toolchain/bin/../lib/gcc/avr/5.4.0/avr5\libgcc.a(_ctors.o)
 .text          0x00000000        0x0 c:/program files (x86)/atmel/studio/7.0/toolchain/avr8/avr8-gnu-toolchain/bin/../lib/gcc/avr/5.4.0/avr5\libgcc.a(_tablejump2.o)
 .data          0x00000000        0x0 c:/program files (x86)/atmel/studio/7.0/toolchain/avr8/avr8-gnu-toolchain/bin/../lib/gcc/avr/5.4.0/avr5\libgcc.a(_tablejump2.o)
 .bss           0x00000000        0x0 c:/program files (x86)/atmel/studio/7.0/toolchain/avr8/avr8-gnu-toolchain/bin/../lib/gcc/avr/5.4.0/avr5\libgcc.a(_tablejump2.o)
 .text.libgcc.mul
                0x00000000        0x0 c:/program files (x86)/atmel/studio/7.0/toolchain/avr8/avr8-gnu-toolchain/bin/../lib/gcc/avr/5.4.0/avr5\libgcc.a(_tablejump2.o)
 .text.libgcc.div
                0x00000000        0x0 c:/program files (x86)/atmel/studio/7.0/toolchain/avr8/avr8-gnu-toolchain/bin/../lib/gcc/avr/5.4.0/avr5\libgcc.a(_tablejump2.o)
 .text.libgcc.prologue
                0x00000000        0x0 c:/program files (x86)/atmel/studio/7.0/toolchain/avr8/avr8-gnu-toolchain/bin/../lib/gcc/avr/5.4.0/avr5\libgcc.a(_tablejump2.o)
 .text.libgcc.builtins
                0x00000000        0x0 c:/program files (x86)/atmel/studio/7.0/toolchain/avr8/avr8-gnu-toolchain/bin/../lib/gcc/avr/5.4.0/avr5\libgcc.a(_tablejump2.o)
 .text.libgcc.fmul
                0x00000000        0x0 c:/program files (x86)/atmel/studio/7.0/toolchain/avr8/avr8-gnu-toolchain/bin/../lib/gcc/avr/5.4.0/avr5\libgcc.a(_tablejump2.o)
 .text.libgcc.fixed
                0x00000000        0x0 c:/program files (x86)/atmel/studio/7.0/toolchain/avr8/avr8-gnu-toolchain/bin/../lib/gcc/avr/5.4.0/avr5\libgcc.a(_tablejump2.o)
 .text          0x00000000        0x0 c:/program files (x86)/atmel/studio/7.0/toolchain/avr8/avr8-gnu-toolchain/bin/../lib/gcc/avr/5.4.0/../../../../avr/lib/avr5\libc.a(abort.o)
 .data          0x00000000        0x0 c:/program files (x86)/atmel/studio/7.0/toolchain/avr8/avr8-gnu-toolchain/bin/../lib/gcc/avr/5.4.0/../../../../avr/lib/avr5\libc.a(abort.o)
 .bss           0x00000000        0x0 c:/program files (x86)/atmel/studio/7.0/toolchain/avr8/avr8-gnu-toolchain/bin/../lib/gcc/avr/5.4.0/../../../../avr/lib/avr5\libc.a(abort.o)
 .text.avr-libc
                0x00000000        0xa c:/program files (x86)/atmel/studio/7.0/toolchain/avr8/avr8-gnu-toolchain/bin/../lib/gcc/avr/5.4.0/../../../../avr/lib/avr5\libc.a(abort.o)

Memory Configuration

Name             Origin             Length             Attributes
text             0x00000000         0x00020000         xr
data             0x00800060         0x0000ffa0         rw !x
eeprom           0x00810000         0x00010000         rw !x
fuse             0x00820000         0x00000003         rw !x
lock             0x00830000         0x00000400         rw !x
signature        0x00840000         0x00000400         rw !x
user_signatures  0x00850000         0x00000400         rw !x
*default*        0x00000000         0xffffffff

Linker script and memory map

Address of section .data set to 0x800100
LOAD C:/Program Files (x86)/Atmel/Studio/7.0/Packs/atmel/ATmega_DFP/1.2.209/gcc/dev/atmega328p/avr5/crtatmega328p.o
LOAD Sketch.o
START GROUP
LOAD c:/program files (x86)/atmel/studio/7.0/toolchain/avr8/avr8-gnu-toolchain/bin/../lib/gcc/avr/5.4.0/../../../../avr/lib/avr5\libm.a
LOAD C:\Users\Lenovo\DOCUME~1\GitHub\BRAILL~2\ARDUIN~1\NEWPRO~1\NEWPRO~1\ARDUIN~2\Debug\libArduinoCore.a
END GROUP
LOAD c:/program files (x86)/atmel/studio/7.0/toolchain/avr8/avr8-gnu-toolchain/bin/../lib/gcc/avr/5.4.0/avr5\libgcc.a
LOAD c:/program files (x86)/atmel/studio/7.0/toolchain/avr8/avr8-gnu-toolchain/bin/../lib/gcc/avr/5.4.0/../../../../avr/lib/avr5\libm.a
START GROUP
LOAD c:/program files (x86)/atmel/studio/7.0/toolchain/avr8/avr8-gnu-toolchain/bin/../lib/gcc/avr/5.4.0/avr5\libgcc.a
LOAD c:/program files (x86)/atmel/studio/7.0/toolchain/avr8/avr8-gnu-toolchain/bin/../lib/gcc/avr/5.4.0/../../../../avr/lib/avr5\libm.a
LOAD c:/program files (x86)/atmel/studio/7.0/toolchain/avr8/avr8-gnu-toolchain/bin/../lib/gcc/avr/5.4.0/../../../../avr/lib/avr5\libc.a
LOAD C:/Program Files (x86)/Atmel/Studio/7.0/Packs/atmel/ATmega_DFP/1.2.209/gcc/dev/atmega328p/avr5\libatmega328p.a
END GROUP
                0x00020000                __TEXT_REGION_LENGTH__ = DEFINED (__TEXT_REGION_LENGTH__)?__TEXT_REGION_LENGTH__:0x20000
                0x0000ffa0                __DATA_REGION_LENGTH__ = DEFINED (__DATA_REGION_LENGTH__)?__DATA_REGION_LENGTH__:0xffa0
                0x00010000                __EEPROM_REGION_LENGTH__ = DEFINED (__EEPROM_REGION_LENGTH__)?__EEPROM_REGION_LENGTH__:0x10000
                [0x00000003]                __FUSE_REGION_LENGTH__ = DEFINED (__FUSE_REGION_LENGTH__)?__FUSE_REGION_LENGTH__:0x400
                0x00000400                __LOCK_REGION_LENGTH__ = DEFINED (__LOCK_REGION_LENGTH__)?__LOCK_REGION_LENGTH__:0x400
                0x00000400                __SIGNATURE_REGION_LENGTH__ = DEFINED (__SIGNATURE_REGION_LENGTH__)?__SIGNATURE_REGION_LENGTH__:0x400
                0x00000400                __USER_SIGNATURE_REGION_LENGTH__ = DEFINED (__USER_SIGNATURE_REGION_LENGTH__)?__USER_SIGNATURE_REGION_LENGTH__:0x400

.hash
 *(.hash)

.dynsym
 *(.dynsym)

.dynstr
 *(.dynstr)

.gnu.version
 *(.gnu.version)

.gnu.version_d
 *(.gnu.version_d)

.gnu.version_r
 *(.gnu.version_r)

.rel.init
 *(.rel.init)

.rela.init
 *(.rela.init)

.rel.text
 *(.rel.text)
 *(.rel.text.*)
 *(.rel.gnu.linkonce.t*)

.rela.text
 *(.rela.text)
 *(.rela.text.*)
 *(.rela.gnu.linkonce.t*)

.rel.fini
 *(.rel.fini)

.rela.fini
 *(.rela.fini)

.rel.rodata
 *(.rel.rodata)
 *(.rel.rodata.*)
 *(.rel.gnu.linkonce.r*)

.rela.rodata
 *(.rela.rodata)
 *(.rela.rodata.*)
 *(.rela.gnu.linkonce.r*)

.rel.data
 *(.rel.data)
 *(.rel.data.*)
 *(.rel.gnu.linkonce.d*)

.rela.data
 *(.rela.data)
 *(.rela.data.*)
 *(.rela.gnu.linkonce.d*)

.rel.ctors
 *(.rel.ctors)

.rela.ctors
 *(.rela.ctors)

.rel.dtors
 *(.rel.dtors)

.rela.dtors
 *(.rela.dtors)

.rel.got
 *(.rel.got)

.rela.got
 *(.rela.got)

.rel.bss
 *(.rel.bss)

.rela.bss
 *(.rela.bss)

.rel.plt
 *(.rel.plt)

.rela.plt
 *(.rela.plt)

.text           0x00000000      0xa58
 *(.vectors)
 .vectors       0x00000000       0x68 C:/Program Files (x86)/Atmel/Studio/7.0/Packs/atmel/ATmega_DFP/1.2.209/gcc/dev/atmega328p/avr5/crtatmega328p.o
                0x00000000                __vector_default
                0x00000000                __vectors
 *(.vectors)
 *(.progmem.gcc*)
                0x00000068                . = ALIGN (0x2)
                0x00000068                __trampolines_start = .
 *(.trampolines)
 .trampolines   0x00000068        0x0 linker stubs
 *(.trampolines*)
                0x00000068                __trampolines_end = .
 *libprintf_flt.a:*(.progmem.data)
 *libc.a:*(.progmem.data)
 *(.progmem*)
 .progmem.data.digital_pin_to_timer_PGM
                0x00000068       0x14 C:\Users\Lenovo\DOCUME~1\GitHub\BRAILL~2\ARDUIN~1\NEWPRO~1\NEWPRO~1\ARDUIN~2\Debug\libArduinoCore.a(wiring_digital.o)
                0x00000068                digital_pin_to_timer_PGM
 .progmem.data.digital_pin_to_bit_mask_PGM
                0x0000007c       0x14 C:\Users\Lenovo\DOCUME~1\GitHub\BRAILL~2\ARDUIN~1\NEWPRO~1\NEWPRO~1\ARDUIN~2\Debug\libArduinoCore.a(wiring_digital.o)
                0x0000007c                digital_pin_to_bit_mask_PGM
 .progmem.data.digital_pin_to_port_PGM
                0x00000090       0x14 C:\Users\Lenovo\DOCUME~1\GitHub\BRAILL~2\ARDUIN~1\NEWPRO~1\NEWPRO~1\ARDUIN~2\Debug\libArduinoCore.a(wiring_digital.o)
                0x00000090                digital_pin_to_port_PGM
 .progmem.data.port_to_input_PGM
                0x000000a4        0xa C:\Users\Lenovo\DOCUME~1\GitHub\BRAILL~2\ARDUIN~1\NEWPRO~1\NEWPRO~1\ARDUIN~2\Debug\libArduinoCore.a(wiring_digital.o)
                0x000000a4                port_to_input_PGM
 .progmem.data.port_to_output_PGM
                0x000000ae        0xa C:\Users\Lenovo\DOCUME~1\GitHub\BRAILL~2\ARDUIN~1\NEWPRO~1\NEWPRO~1\ARDUIN~2\Debug\libArduinoCore.a(wiring_digital.o)
                0x000000ae                port_to_output_PGM
 .progmem.data.port_to_mode_PGM
                0x000000b8        0xa C:\Users\Lenovo\DOCUME~1\GitHub\BRAILL~2\ARDUIN~1\NEWPRO~1\NEWPRO~1\ARDUIN~2\Debug\libArduinoCore.a(wiring_digital.o)
                0x000000b8                port_to_mode_PGM
                0x000000c2                . = ALIGN (0x2)
 *(.jumptables)
 *(.jumptables*)
 *(.lowtext)
 *(.lowtext*)
                0x000000c2                __ctors_start = .
 *(.ctors)
 .ctors         0x000000c2        0x2 C:\Users\Lenovo\DOCUME~1\GitHub\BRAILL~2\ARDUIN~1\NEWPRO~1\NEWPRO~1\ARDUIN~2\Debug\libArduinoCore.a(HardwareSerial0.o)
                0x000000c4                __ctors_end = .
                0x000000c4                __dtors_start = .
 *(.dtors)
                0x000000c4                __dtors_end = .
 SORT(*)(.ctors)
 SORT(*)(.dtors)
 *(.init0)
 .init0         0x000000c4        0x0 C:/Program Files (x86)/Atmel/Studio/7.0/Packs/atmel/ATmega_DFP/1.2.209/gcc/dev/atmega328p/avr5/crtatmega328p.o
                0x000000c4                __init
 *(.init0)
 *(.init1)
 *(.init1)
 *(.init2)
 .init2         0x000000c4        0xc C:/Program Files (x86)/Atmel/Studio/7.0/Packs/atmel/ATmega_DFP/1.2.209/gcc/dev/atmega328p/avr5/crtatmega328p.o
 *(.init2)
 *(.init3)
 *(.init3)
 *(.init4)
 .init4         0x000000d0       0x16 c:/program files (x86)/atmel/studio/7.0/toolchain/avr8/avr8-gnu-toolchain/bin/../lib/gcc/avr/5.4.0/avr5\libgcc.a(_copy_data.o)
                0x000000d0                __do_copy_data
 .init4         0x000000e6       0x10 c:/program files (x86)/atmel/studio/7.0/toolchain/avr8/avr8-gnu-toolchain/bin/../lib/gcc/avr/5.4.0/avr5\libgcc.a(_clear_bss.o)
                0x000000e6                __do_clear_bss
 *(.init4)
 *(.init5)
 *(.init5)
 *(.init6)
 .init6         0x000000f6       0x16 c:/program files (x86)/atmel/studio/7.0/toolchain/avr8/avr8-gnu-toolchain/bin/../lib/gcc/avr/5.4.0/avr5\libgcc.a(_ctors.o)
                0x000000f6                __do_global_ctors
 *(.init6)
 *(.init7)
 *(.init7)
 *(.init8)
 *(.init8)
 *(.init9)
 .init9         0x0000010c        0x8 C:/Program Files (x86)/Atmel/Studio/7.0/Packs/atmel/ATmega_DFP/1.2.209/gcc/dev/atmega328p/avr5/crtatmega328p.o
 *(.init9)
 *(.text)
 .text          0x00000114        0x4 C:/Program Files (x86)/Atmel/Studio/7.0/Packs/atmel/ATmega_DFP/1.2.209/gcc/dev/atmega328p/avr5/crtatmega328p.o
                0x00000114                __vector_22
                0x00000114                __vector_1
                0x00000114                __vector_24
                0x00000114                __vector_12
                0x00000114                __bad_interrupt
                0x00000114                __vector_6
                0x00000114                __vector_3
                0x00000114                __vector_23
                0x00000114                __vector_25
                0x00000114                __vector_11
                0x00000114                __vector_13
                0x00000114                __vector_17
                0x00000114                __vector_7
                0x00000114                __vector_5
                0x00000114                __vector_4
                0x00000114                __vector_9
                0x00000114                __vector_2
                0x00000114                __vector_21
                0x00000114                __vector_15
                0x00000114                __vector_8
                0x00000114                __vector_14
                0x00000114                __vector_10
                0x00000114                __vector_20
                0x00000118                . = ALIGN (0x2)
 *(.text.*)
 .text.setup    0x00000118       0x32 Sketch.o
                0x00000118                setup
 .text._Z5ackjpv
                0x0000014a        0x8 Sketch.o
                0x0000014a                _Z5ackjpv
 .text.loop     0x00000152       0xae Sketch.o
                0x00000152                loop
 .text._ZN14HardwareSerial9availableEv
                0x00000200       0x18 C:\Users\Lenovo\DOCUME~1\GitHub\BRAILL~2\ARDUIN~1\NEWPRO~1\NEWPRO~1\ARDUIN~2\Debug\libArduinoCore.a(HardwareSerial.o)
                0x00000200                _ZN14HardwareSerial9availableEv
 .text._ZN14HardwareSerial4peekEv
                0x00000218       0x1c C:\Users\Lenovo\DOCUME~1\GitHub\BRAILL~2\ARDUIN~1\NEWPRO~1\NEWPRO~1\ARDUIN~2\Debug\libArduinoCore.a(HardwareSerial.o)
                0x00000218                _ZN14HardwareSerial4peekEv
 .text._ZN14HardwareSerial4readEv
                0x00000234       0x28 C:\Users\Lenovo\DOCUME~1\GitHub\BRAILL~2\ARDUIN~1\NEWPRO~1\NEWPRO~1\ARDUIN~2\Debug\libArduinoCore.a(HardwareSerial.o)
                0x00000234                _ZN14HardwareSerial4readEv
 .text._ZN14HardwareSerial17availableForWriteEv
                0x0000025c       0x1e C:\Users\Lenovo\DOCUME~1\GitHub\BRAILL~2\ARDUIN~1\NEWPRO~1\NEWPRO~1\ARDUIN~2\Debug\libArduinoCore.a(HardwareSerial.o)
                0x0000025c                _ZN14HardwareSerial17availableForWriteEv
 .text._Z14serialEventRunv
                0x0000027a       0x1c C:\Users\Lenovo\DOCUME~1\GitHub\BRAILL~2\ARDUIN~1\NEWPRO~1\NEWPRO~1\ARDUIN~2\Debug\libArduinoCore.a(HardwareSerial.o)
                0x0000027a                _Z14serialEventRunv
 .text._ZN14HardwareSerial17_tx_udr_empty_irqEv
                0x00000296       0x44 C:\Users\Lenovo\DOCUME~1\GitHub\BRAILL~2\ARDUIN~1\NEWPRO~1\NEWPRO~1\ARDUIN~2\Debug\libArduinoCore.a(HardwareSerial.o)
                0x00000296                _ZN14HardwareSerial17_tx_udr_empty_irqEv
 .text._ZN14HardwareSerial5writeEh
                0x000002da       0x9a C:\Users\Lenovo\DOCUME~1\GitHub\BRAILL~2\ARDUIN~1\NEWPRO~1\NEWPRO~1\ARDUIN~2\Debug\libArduinoCore.a(HardwareSerial.o)
                0x000002da                _ZN14HardwareSerial5writeEh
 .text._ZN14HardwareSerial5flushEv
                0x00000374       0x44 C:\Users\Lenovo\DOCUME~1\GitHub\BRAILL~2\ARDUIN~1\NEWPRO~1\NEWPRO~1\ARDUIN~2\Debug\libArduinoCore.a(HardwareSerial.o)
                0x00000374                _ZN14HardwareSerial5flushEv
 .text._ZN14HardwareSerial5beginEmh
                0x000003b8       0xca C:\Users\Lenovo\DOCUME~1\GitHub\BRAILL~2\ARDUIN~1\NEWPRO~1\NEWPRO~1\ARDUIN~2\Debug\libArduinoCore.a(HardwareSerial.o)
                0x000003b8                _ZN14HardwareSerial5beginEmh
 .text.__vector_18
                0x00000482       0x64 C:\Users\Lenovo\DOCUME~1\GitHub\BRAILL~2\ARDUIN~1\NEWPRO~1\NEWPRO~1\ARDUIN~2\Debug\libArduinoCore.a(HardwareSerial0.o)
                0x00000482                __vector_18
 .text.__vector_19
                0x000004e6       0x4c C:\Users\Lenovo\DOCUME~1\GitHub\BRAILL~2\ARDUIN~1\NEWPRO~1\NEWPRO~1\ARDUIN~2\Debug\libArduinoCore.a(HardwareSerial0.o)
                0x000004e6                __vector_19
 .text._Z17Serial0_availablev
                0x00000532       0x14 C:\Users\Lenovo\DOCUME~1\GitHub\BRAILL~2\ARDUIN~1\NEWPRO~1\NEWPRO~1\ARDUIN~2\Debug\libArduinoCore.a(HardwareSerial0.o)
                0x00000532                _Z17Serial0_availablev
 .text.startup._GLOBAL__sub_I___vector_18
                0x00000546       0x5a C:\Users\Lenovo\DOCUME~1\GitHub\BRAILL~2\ARDUIN~1\NEWPRO~1\NEWPRO~1\ARDUIN~2\Debug\libArduinoCore.a(HardwareSerial0.o)
 .text.initVariant
                0x000005a0        0x2 C:\Users\Lenovo\DOCUME~1\GitHub\BRAILL~2\ARDUIN~1\NEWPRO~1\NEWPRO~1\ARDUIN~2\Debug\libArduinoCore.a(main.o)
                0x000005a0                initVariant
 .text.startup.main
                0x000005a2       0x1e C:\Users\Lenovo\DOCUME~1\GitHub\BRAILL~2\ARDUIN~1\NEWPRO~1\NEWPRO~1\ARDUIN~2\Debug\libArduinoCore.a(main.o)
                0x000005a2                main
 .text._ZN5Print5writeEPKhj
                0x000005c0       0x54 C:\Users\Lenovo\DOCUME~1\GitHub\BRAILL~2\ARDUIN~1\NEWPRO~1\NEWPRO~1\ARDUIN~2\Debug\libArduinoCore.a(Print.o)
                0x000005c0                _ZN5Print5writeEPKhj
 .text._ZN5Print5writeEPKc
                0x00000614       0x2a C:\Users\Lenovo\DOCUME~1\GitHub\BRAILL~2\ARDUIN~1\NEWPRO~1\NEWPRO~1\ARDUIN~2\Debug\libArduinoCore.a(Print.o)
                0x00000614                _ZN5Print5writeEPKc
 .text._ZN5Print5printEPKc
                0x0000063e        0x4 C:\Users\Lenovo\DOCUME~1\GitHub\BRAILL~2\ARDUIN~1\NEWPRO~1\NEWPRO~1\ARDUIN~2\Debug\libArduinoCore.a(Print.o)
                0x0000063e                _ZN5Print5printEPKc
 .text._ZN5Print5printEc
                0x00000642        0xe C:\Users\Lenovo\DOCUME~1\GitHub\BRAILL~2\ARDUIN~1\NEWPRO~1\NEWPRO~1\ARDUIN~2\Debug\libArduinoCore.a(Print.o)
                0x00000642                _ZN5Print5printEc
 .text._ZN5Print11printNumberEmh
                0x00000650       0x92 C:\Users\Lenovo\DOCUME~1\GitHub\BRAILL~2\ARDUIN~1\NEWPRO~1\NEWPRO~1\ARDUIN~2\Debug\libArduinoCore.a(Print.o)
                0x00000650                _ZN5Print11printNumberEmh
 .text._ZN5Print5printEli
                0x000006e2       0x90 C:\Users\Lenovo\DOCUME~1\GitHub\BRAILL~2\ARDUIN~1\NEWPRO~1\NEWPRO~1\ARDUIN~2\Debug\libArduinoCore.a(Print.o)
                0x000006e2                _ZN5Print5printEli
 .text._ZN5Print5printEii
                0x00000772        0xe C:\Users\Lenovo\DOCUME~1\GitHub\BRAILL~2\ARDUIN~1\NEWPRO~1\NEWPRO~1\ARDUIN~2\Debug\libArduinoCore.a(Print.o)
                0x00000772                _ZN5Print5printEii
 .text.__vector_16
                0x00000780       0x94 C:\Users\Lenovo\DOCUME~1\GitHub\BRAILL~2\ARDUIN~1\NEWPRO~1\NEWPRO~1\ARDUIN~2\Debug\libArduinoCore.a(wiring.o)
                0x00000780                __vector_16
 .text.init     0x00000814       0x76 C:\Users\Lenovo\DOCUME~1\GitHub\BRAILL~2\ARDUIN~1\NEWPRO~1\NEWPRO~1\ARDUIN~2\Debug\libArduinoCore.a(wiring.o)
                0x00000814                init
 .text.turnOffPWM
                0x0000088a       0x52 C:\Users\Lenovo\DOCUME~1\GitHub\BRAILL~2\ARDUIN~1\NEWPRO~1\NEWPRO~1\ARDUIN~2\Debug\libArduinoCore.a(wiring_digital.o)
 .text.pinMode  0x000008dc       0x78 C:\Users\Lenovo\DOCUME~1\GitHub\BRAILL~2\ARDUIN~1\NEWPRO~1\NEWPRO~1\ARDUIN~2\Debug\libArduinoCore.a(wiring_digital.o)
                0x000008dc                pinMode
 .text.digitalWrite
                0x00000954       0x5e C:\Users\Lenovo\DOCUME~1\GitHub\BRAILL~2\ARDUIN~1\NEWPRO~1\NEWPRO~1\ARDUIN~2\Debug\libArduinoCore.a(wiring_digital.o)
                0x00000954                digitalWrite
 .text.digitalRead
                0x000009b2       0x52 C:\Users\Lenovo\DOCUME~1\GitHub\BRAILL~2\ARDUIN~1\NEWPRO~1\NEWPRO~1\ARDUIN~2\Debug\libArduinoCore.a(wiring_digital.o)
                0x000009b2                digitalRead
 .text.libgcc.div
                0x00000a04       0x44 c:/program files (x86)/atmel/studio/7.0/toolchain/avr8/avr8-gnu-toolchain/bin/../lib/gcc/avr/5.4.0/avr5\libgcc.a(_udivmodsi4.o)
                0x00000a04                __udivmodsi4
 .text.libgcc   0x00000a48        0xc c:/program files (x86)/atmel/studio/7.0/toolchain/avr8/avr8-gnu-toolchain/bin/../lib/gcc/avr/5.4.0/avr5\libgcc.a(_tablejump2.o)
                0x00000a48                __tablejump2__
                0x00000a54                . = ALIGN (0x2)
 *(.fini9)
 .fini9         0x00000a54        0x0 c:/program files (x86)/atmel/studio/7.0/toolchain/avr8/avr8-gnu-toolchain/bin/../lib/gcc/avr/5.4.0/avr5\libgcc.a(_exit.o)
                0x00000a54                _exit
                0x00000a54                exit
 *(.fini9)
 *(.fini8)
 *(.fini8)
 *(.fini7)
 *(.fini7)
 *(.fini6)
 *(.fini6)
 *(.fini5)
 *(.fini5)
 *(.fini4)
 *(.fini4)
 *(.fini3)
 *(.fini3)
 *(.fini2)
 *(.fini2)
 *(.fini1)
 *(.fini1)
 *(.fini0)
 .fini0         0x00000a54        0x4 c:/program files (x86)/atmel/studio/7.0/toolchain/avr8/avr8-gnu-toolchain/bin/../lib/gcc/avr/5.4.0/avr5\libgcc.a(_exit.o)
 *(.fini0)
                0x00000a58                _etext = .

.data           0x00800100       0x4a load address 0x00000a58
                0x00800100                PROVIDE (__data_start, .)
 *(.data)
 *(.data*)
 *(.gnu.linkonce.d*)
 *(.rodata)
 *(.rodata*)
 .rodata.str1.1
                0x00800100       0x38 Sketch.o
 .rodata._ZTV14HardwareSerial
                0x00800138       0x12 C:\Users\Lenovo\DOCUME~1\GitHub\BRAILL~2\ARDUIN~1\NEWPRO~1\NEWPRO~1\ARDUIN~2\Debug\libArduinoCore.a(HardwareSerial.o)
                0x00800138                _ZTV14HardwareSerial
 *(.gnu.linkonce.r*)
                0x0080014a                . = ALIGN (0x2)
                0x0080014a                _edata = .
                0x0080014a                PROVIDE (__data_end, .)

.bss            0x0080014a       0xc2
                0x0080014a                PROVIDE (__bss_start, .)
 *(.bss)
 *(.bss*)
 .bss.RB        0x0080014a       0x1c Sketch.o
                0x0080014a                RB
 .bss.Serial    0x00800166       0x9d C:\Users\Lenovo\DOCUME~1\GitHub\BRAILL~2\ARDUIN~1\NEWPRO~1\NEWPRO~1\ARDUIN~2\Debug\libArduinoCore.a(HardwareSerial0.o)
                0x00800166                Serial
 .bss.timer0_fract
                0x00800203        0x1 C:\Users\Lenovo\DOCUME~1\GitHub\BRAILL~2\ARDUIN~1\NEWPRO~1\NEWPRO~1\ARDUIN~2\Debug\libArduinoCore.a(wiring.o)
 .bss.timer0_millis
                0x00800204        0x4 C:\Users\Lenovo\DOCUME~1\GitHub\BRAILL~2\ARDUIN~1\NEWPRO~1\NEWPRO~1\ARDUIN~2\Debug\libArduinoCore.a(wiring.o)
                0x00800204                timer0_millis
 .bss.timer0_overflow_count
                0x00800208        0x4 C:\Users\Lenovo\DOCUME~1\GitHub\BRAILL~2\ARDUIN~1\NEWPRO~1\NEWPRO~1\ARDUIN~2\Debug\libArduinoCore.a(wiring.o)
                0x00800208                timer0_overflow_count
 *(COMMON)
                0x0080020c                PROVIDE (__bss_end, .)
                0x00000a58                __data_load_start = LOADADDR (.data)
                0x00000aa2                __data_load_end = (__data_load_start + SIZEOF (.data))

.noinit         0x0080020c        0x0
                [!provide]                PROVIDE (__noinit_start, .)
 *(.noinit*)
                [!provide]                PROVIDE (__noinit_end, .)
                0x0080020c                _end = .
                [!provide]                PROVIDE (__heap_start, .)

.eeprom         0x00810000        0x0
 *(.eeprom*)
                0x00810000                __eeprom_end = .

.fuse
 *(.fuse)
 *(.lfuse)
 *(.hfuse)
 *(.efuse)

.lock
 *(.lock*)

.signature
 *(.signature*)

.user_signatures
 *(.user_signatures*)

.stab
 *(.stab)

.stabstr
 *(.stabstr)

.stab.excl
 *(.stab.excl)

.stab.exclstr
 *(.stab.exclstr)

.stab.index
 *(.stab.index)

.stab.indexstr
 *(.stab.indexstr)

.comment        0x00000000       0x30
 *(.comment)
 .comment       0x00000000       0x30 Sketch.o
                                 0x31 (size before relaxing)
 .comment       0x00000030       0x31 C:\Users\Lenovo\DOCUME~1\GitHub\BRAILL~2\ARDUIN~1\NEWPRO~1\NEWPRO~1\ARDUIN~2\Debug\libArduinoCore.a(HardwareSerial.o)
 .comment       0x00000030       0x31 C:\Users\Lenovo\DOCUME~1\GitHub\BRAILL~2\ARDUIN~1\NEWPRO~1\NEWPRO~1\ARDUIN~2\Debug\libArduinoCore.a(HardwareSerial0.o)
 .comment       0x00000030       0x31 C:\Users\Lenovo\DOCUME~1\GitHub\BRAILL~2\ARDUIN~1\NEWPRO~1\NEWPRO~1\ARDUIN~2\Debug\libArduinoCore.a(main.o)
 .comment       0x00000030       0x31 C:\Users\Lenovo\DOCUME~1\GitHub\BRAILL~2\ARDUIN~1\NEWPRO~1\NEWPRO~1\ARDUIN~2\Debug\libArduinoCore.a(Print.o)
 .comment       0x00000030       0x31 C:\Users\Lenovo\DOCUME~1\GitHub\BRAILL~2\ARDUIN~1\NEWPRO~1\NEWPRO~1\ARDUIN~2\Debug\libArduinoCore.a(wiring.o)
 .comment       0x00000030       0x31 C:\Users\Lenovo\DOCUME~1\GitHub\BRAILL~2\ARDUIN~1\NEWPRO~1\NEWPRO~1\ARDUIN~2\Debug\libArduinoCore.a(wiring_digital.o)

.note.gnu.avr.deviceinfo
                0x00000000       0x40
 .note.gnu.avr.deviceinfo
                0x00000000       0x40 C:/Program Files (x86)/Atmel/Studio/7.0/Packs/atmel/ATmega_DFP/1.2.209/gcc/dev/atmega328p/avr5/crtatmega328p.o

.note.gnu.build-id
 *(.note.gnu.build-id)

.debug
 *(.debug)

.line
 *(.line)

.debug_srcinfo
 *(.debug_srcinfo)

.debug_sfnames
 *(.debug_sfnames)

.debug_aranges  0x00000000      0x290
 *(.debug_aranges)
 .debug_aranges
                0x00000000       0x30 Sketch.o
 .debug_aranges
                0x00000030       0x68 C:\Users\Lenovo\DOCUME~1\GitHub\BRAILL~2\ARDUIN~1\NEWPRO~1\NEWPRO~1\ARDUIN~2\Debug\libArduinoCore.a(HardwareSerial.o)
 .debug_aranges
                0x00000098       0x48 C:\Users\Lenovo\DOCUME~1\GitHub\BRAILL~2\ARDUIN~1\NEWPRO~1\NEWPRO~1\ARDUIN~2\Debug\libArduinoCore.a(HardwareSerial0.o)
 .debug_aranges
                0x000000e0       0x30 C:\Users\Lenovo\DOCUME~1\GitHub\BRAILL~2\ARDUIN~1\NEWPRO~1\NEWPRO~1\ARDUIN~2\Debug\libArduinoCore.a(main.o)
 .debug_aranges
                0x00000110      0x100 C:\Users\Lenovo\DOCUME~1\GitHub\BRAILL~2\ARDUIN~1\NEWPRO~1\NEWPRO~1\ARDUIN~2\Debug\libArduinoCore.a(Print.o)
 .debug_aranges
                0x00000210       0x48 C:\Users\Lenovo\DOCUME~1\GitHub\BRAILL~2\ARDUIN~1\NEWPRO~1\NEWPRO~1\ARDUIN~2\Debug\libArduinoCore.a(wiring.o)
 .debug_aranges
                0x00000258       0x38 C:\Users\Lenovo\DOCUME~1\GitHub\BRAILL~2\ARDUIN~1\NEWPRO~1\NEWPRO~1\ARDUIN~2\Debug\libArduinoCore.a(wiring_digital.o)

.debug_pubnames
 *(.debug_pubnames)

.debug_info     0x00000000     0x7927
 *(.debug_info .gnu.linkonce.wi.*)
 .debug_info    0x00000000      0x5f4 C:/Program Files (x86)/Atmel/Studio/7.0/Packs/atmel/ATmega_DFP/1.2.209/gcc/dev/atmega328p/avr5/crtatmega328p.o
 .debug_info    0x000005f4      0x4ba Sketch.o
 .debug_info    0x00000aae     0x1f64 C:\Users\Lenovo\DOCUME~1\GitHub\BRAILL~2\ARDUIN~1\NEWPRO~1\NEWPRO~1\ARDUIN~2\Debug\libArduinoCore.a(HardwareSerial.o)
 .debug_info    0x00002a12     0x1b16 C:\Users\Lenovo\DOCUME~1\GitHub\BRAILL~2\ARDUIN~1\NEWPRO~1\NEWPRO~1\ARDUIN~2\Debug\libArduinoCore.a(HardwareSerial0.o)
 .debug_info    0x00004528      0x237 C:\Users\Lenovo\DOCUME~1\GitHub\BRAILL~2\ARDUIN~1\NEWPRO~1\NEWPRO~1\ARDUIN~2\Debug\libArduinoCore.a(main.o)
 .debug_info    0x0000475f     0x28ff C:\Users\Lenovo\DOCUME~1\GitHub\BRAILL~2\ARDUIN~1\NEWPRO~1\NEWPRO~1\ARDUIN~2\Debug\libArduinoCore.a(Print.o)
 .debug_info    0x0000705e      0x2cb C:\Users\Lenovo\DOCUME~1\GitHub\BRAILL~2\ARDUIN~1\NEWPRO~1\NEWPRO~1\ARDUIN~2\Debug\libArduinoCore.a(wiring.o)
 .debug_info    0x00007329      0x5fe C:\Users\Lenovo\DOCUME~1\GitHub\BRAILL~2\ARDUIN~1\NEWPRO~1\NEWPRO~1\ARDUIN~2\Debug\libArduinoCore.a(wiring_digital.o)

.debug_abbrev   0x00000000     0x1876
 *(.debug_abbrev)
 .debug_abbrev  0x00000000      0x5a2 C:/Program Files (x86)/Atmel/Studio/7.0/Packs/atmel/ATmega_DFP/1.2.209/gcc/dev/atmega328p/avr5/crtatmega328p.o
 .debug_abbrev  0x000005a2      0x207 Sketch.o
 .debug_abbrev  0x000007a9      0x4b7 C:\Users\Lenovo\DOCUME~1\GitHub\BRAILL~2\ARDUIN~1\NEWPRO~1\NEWPRO~1\ARDUIN~2\Debug\libArduinoCore.a(HardwareSerial.o)
 .debug_abbrev  0x00000c60      0x3ce C:\Users\Lenovo\DOCUME~1\GitHub\BRAILL~2\ARDUIN~1\NEWPRO~1\NEWPRO~1\ARDUIN~2\Debug\libArduinoCore.a(HardwareSerial0.o)
 .debug_abbrev  0x0000102e      0x12d C:\Users\Lenovo\DOCUME~1\GitHub\BRAILL~2\ARDUIN~1\NEWPRO~1\NEWPRO~1\ARDUIN~2\Debug\libArduinoCore.a(main.o)
 .debug_abbrev  0x0000115b      0x47a C:\Users\Lenovo\DOCUME~1\GitHub\BRAILL~2\ARDUIN~1\NEWPRO~1\NEWPRO~1\ARDUIN~2\Debug\libArduinoCore.a(Print.o)
 .debug_abbrev  0x000015d5      0x146 C:\Users\Lenovo\DOCUME~1\GitHub\BRAILL~2\ARDUIN~1\NEWPRO~1\NEWPRO~1\ARDUIN~2\Debug\libArduinoCore.a(wiring.o)
 .debug_abbrev  0x0000171b      0x15b C:\Users\Lenovo\DOCUME~1\GitHub\BRAILL~2\ARDUIN~1\NEWPRO~1\NEWPRO~1\ARDUIN~2\Debug\libArduinoCore.a(wiring_digital.o)

.debug_line     0x00000000     0x17a9
 *(.debug_line .debug_line.* .debug_line_end)
 .debug_line    0x00000000      0x133 C:/Program Files (x86)/Atmel/Studio/7.0/Packs/atmel/ATmega_DFP/1.2.209/gcc/dev/atmega328p/avr5/crtatmega328p.o
 .debug_line    0x00000133      0x251 Sketch.o
 .debug_line    0x00000384      0x4c4 C:\Users\Lenovo\DOCUME~1\GitHub\BRAILL~2\ARDUIN~1\NEWPRO~1\NEWPRO~1\ARDUIN~2\Debug\libArduinoCore.a(HardwareSerial.o)
 .debug_line    0x00000848      0x28c C:\Users\Lenovo\DOCUME~1\GitHub\BRAILL~2\ARDUIN~1\NEWPRO~1\NEWPRO~1\ARDUIN~2\Debug\libArduinoCore.a(HardwareSerial0.o)
 .debug_line    0x00000ad4      0x165 C:\Users\Lenovo\DOCUME~1\GitHub\BRAILL~2\ARDUIN~1\NEWPRO~1\NEWPRO~1\ARDUIN~2\Debug\libArduinoCore.a(main.o)
 .debug_line    0x00000c39      0x685 C:\Users\Lenovo\DOCUME~1\GitHub\BRAILL~2\ARDUIN~1\NEWPRO~1\NEWPRO~1\ARDUIN~2\Debug\libArduinoCore.a(Print.o)
 .debug_line    0x000012be      0x299 C:\Users\Lenovo\DOCUME~1\GitHub\BRAILL~2\ARDUIN~1\NEWPRO~1\NEWPRO~1\ARDUIN~2\Debug\libArduinoCore.a(wiring.o)
 .debug_line    0x00001557      0x252 C:\Users\Lenovo\DOCUME~1\GitHub\BRAILL~2\ARDUIN~1\NEWPRO~1\NEWPRO~1\ARDUIN~2\Debug\libArduinoCore.a(wiring_digital.o)

.debug_frame    0x00000000      0x774
 *(.debug_frame)
 .debug_frame   0x00000000       0x44 Sketch.o
 .debug_frame   0x00000044      0x110 C:\Users\Lenovo\DOCUME~1\GitHub\BRAILL~2\ARDUIN~1\NEWPRO~1\NEWPRO~1\ARDUIN~2\Debug\libArduinoCore.a(HardwareSerial.o)
 .debug_frame   0x00000154       0xe0 C:\Users\Lenovo\DOCUME~1\GitHub\BRAILL~2\ARDUIN~1\NEWPRO~1\NEWPRO~1\ARDUIN~2\Debug\libArduinoCore.a(HardwareSerial0.o)
 .debug_frame   0x00000234       0x54 C:\Users\Lenovo\DOCUME~1\GitHub\BRAILL~2\ARDUIN~1\NEWPRO~1\NEWPRO~1\ARDUIN~2\Debug\libArduinoCore.a(main.o)
 .debug_frame   0x00000288      0x3ac C:\Users\Lenovo\DOCUME~1\GitHub\BRAILL~2\ARDUIN~1\NEWPRO~1\NEWPRO~1\ARDUIN~2\Debug\libArduinoCore.a(Print.o)
 .debug_frame   0x00000634       0xc4 C:\Users\Lenovo\DOCUME~1\GitHub\BRAILL~2\ARDUIN~1\NEWPRO~1\NEWPRO~1\ARDUIN~2\Debug\libArduinoCore.a(wiring.o)
 .debug_frame   0x000006f8       0x7c C:\Users\Lenovo\DOCUME~1\GitHub\BRAILL~2\ARDUIN~1\NEWPRO~1\NEWPRO~1\ARDUIN~2\Debug\libArduinoCore.a(wiring_digital.o)

.debug_str      0x00000000     0x1f62
 *(.debug_str)
 .debug_str     0x00000000      0x208 C:/Program Files (x86)/Atmel/Studio/7.0/Packs/atmel/ATmega_DFP/1.2.209/gcc/dev/atmega328p/avr5/crtatmega328p.o
 .debug_str     0x00000208      0x326 Sketch.o
                                0x378 (size before relaxing)
 .debug_str     0x0000052e     0x1352 C:\Users\Lenovo\DOCUME~1\GitHub\BRAILL~2\ARDUIN~1\NEWPRO~1\NEWPRO~1\ARDUIN~2\Debug\libArduinoCore.a(HardwareSerial.o)
                               0x1635 (size before relaxing)
 .debug_str     0x00001880       0xca C:\Users\Lenovo\DOCUME~1\GitHub\BRAILL~2\ARDUIN~1\NEWPRO~1\NEWPRO~1\ARDUIN~2\Debug\libArduinoCore.a(HardwareSerial0.o)
                               0x1428 (size before relaxing)
 .debug_str     0x0000194a       0x37 C:\Users\Lenovo\DOCUME~1\GitHub\BRAILL~2\ARDUIN~1\NEWPRO~1\NEWPRO~1\ARDUIN~2\Debug\libArduinoCore.a(main.o)
                                0x2d4 (size before relaxing)
 .debug_str     0x00001981      0x3c4 C:\Users\Lenovo\DOCUME~1\GitHub\BRAILL~2\ARDUIN~1\NEWPRO~1\NEWPRO~1\ARDUIN~2\Debug\libArduinoCore.a(Print.o)
                               0x1262 (size before relaxing)
 .debug_str     0x00001d45      0x162 C:\Users\Lenovo\DOCUME~1\GitHub\BRAILL~2\ARDUIN~1\NEWPRO~1\NEWPRO~1\ARDUIN~2\Debug\libArduinoCore.a(wiring.o)
                                0x26a (size before relaxing)
 .debug_str     0x00001ea7       0xbb C:\Users\Lenovo\DOCUME~1\GitHub\BRAILL~2\ARDUIN~1\NEWPRO~1\NEWPRO~1\ARDUIN~2\Debug\libArduinoCore.a(wiring_digital.o)
                                0x2cf (size before relaxing)

.debug_loc      0x00000000     0x2bc6
 *(.debug_loc)
 .debug_loc     0x00000000       0x2a Sketch.o
 .debug_loc     0x0000002a      0x4dc C:\Users\Lenovo\DOCUME~1\GitHub\BRAILL~2\ARDUIN~1\NEWPRO~1\NEWPRO~1\ARDUIN~2\Debug\libArduinoCore.a(HardwareSerial.o)
 .debug_loc     0x00000506      0x1b0 C:\Users\Lenovo\DOCUME~1\GitHub\BRAILL~2\ARDUIN~1\NEWPRO~1\NEWPRO~1\ARDUIN~2\Debug\libArduinoCore.a(HardwareSerial0.o)
 .debug_loc     0x000006b6     0x1c87 C:\Users\Lenovo\DOCUME~1\GitHub\BRAILL~2\ARDUIN~1\NEWPRO~1\NEWPRO~1\ARDUIN~2\Debug\libArduinoCore.a(Print.o)
 .debug_loc     0x0000233d      0x28d C:\Users\Lenovo\DOCUME~1\GitHub\BRAILL~2\ARDUIN~1\NEWPRO~1\NEWPRO~1\ARDUIN~2\Debug\libArduinoCore.a(wiring.o)
 .debug_loc     0x000025ca      0x5fc C:\Users\Lenovo\DOCUME~1\GitHub\BRAILL~2\ARDUIN~1\NEWPRO~1\NEWPRO~1\ARDUIN~2\Debug\libArduinoCore.a(wiring_digital.o)

.debug_macinfo
 *(.debug_macinfo)

.debug_weaknames
 *(.debug_weaknames)

.debug_funcnames
 *(.debug_funcnames)

.debug_typenames
 *(.debug_typenames)

.debug_varnames
 *(.debug_varnames)

.debug_pubtypes
 *(.debug_pubtypes)

.debug_ranges   0x00000000      0x250
 *(.debug_ranges)
 .debug_ranges  0x00000000       0x20 Sketch.o
 .debug_ranges  0x00000020       0x58 C:\Users\Lenovo\DOCUME~1\GitHub\BRAILL~2\ARDUIN~1\NEWPRO~1\NEWPRO~1\ARDUIN~2\Debug\libArduinoCore.a(HardwareSerial.o)
 .debug_ranges  0x00000078       0x38 C:\Users\Lenovo\DOCUME~1\GitHub\BRAILL~2\ARDUIN~1\NEWPRO~1\NEWPRO~1\ARDUIN~2\Debug\libArduinoCore.a(HardwareSerial0.o)
 .debug_ranges  0x000000b0       0x20 C:\Users\Lenovo\DOCUME~1\GitHub\BRAILL~2\ARDUIN~1\NEWPRO~1\NEWPRO~1\ARDUIN~2\Debug\libArduinoCore.a(main.o)
 .debug_ranges  0x000000d0      0x120 C:\Users\Lenovo\DOCUME~1\GitHub\BRAILL~2\ARDUIN~1\NEWPRO~1\NEWPRO~1\ARDUIN~2\Debug\libArduinoCore.a(Print.o)
 .debug_ranges  0x000001f0       0x38 C:\Users\Lenovo\DOCUME~1\GitHub\BRAILL~2\ARDUIN~1\NEWPRO~1\NEWPRO~1\ARDUIN~2\Debug\libArduinoCore.a(wiring.o)
 .debug_ranges  0x00000228       0x28 C:\Users\Lenovo\DOCUME~1\GitHub\BRAILL~2\ARDUIN~1\NEWPRO~1\NEWPRO~1\ARDUIN~2\Debug\libArduinoCore.a(wiring_digital.o)

.debug_macro
 *(.debug_macro)
OUTPUT(Arduino_Brailler.elf elf32-avr)
LOAD linker stubs
